Archive member included to satisfy reference by file (symbol)

c:/nxp/mcuxpressoide_11.3.0_5222/ide/plugins/com.nxp.mcuxpresso.tools.win32_11.3.0.202008311133/tools/bin/../lib/gcc/arm-none-eabi/9.3.1/../../../../arm-none-eabi/lib/thumb/v6-m/nofp\libcr_nohost_nf.a(__ciob.o)
                              ./source/UART.o (__Ciob)
c:/nxp/mcuxpressoide_11.3.0_5222/ide/plugins/com.nxp.mcuxpresso.tools.win32_11.3.0.202008311133/tools/bin/../lib/gcc/arm-none-eabi/9.3.1/../../../../arm-none-eabi/lib/thumb/v6-m/nofp\libcr_nohost_nf.a(_cr__main.o)
                              ./startup/startup_mkl25z4.o (__main)
c:/nxp/mcuxpressoide_11.3.0_5222/ide/plugins/com.nxp.mcuxpresso.tools.win32_11.3.0.202008311133/tools/bin/../lib/gcc/arm-none-eabi/9.3.1/../../../../arm-none-eabi/lib/thumb/v6-m/nofp\libcr_c.a(memcpy.o)
                              ./drivers/fsl_flash.o (memcpy)
c:/nxp/mcuxpressoide_11.3.0_5222/ide/plugins/com.nxp.mcuxpresso.tools.win32_11.3.0.202008311133/tools/bin/../lib/gcc/arm-none-eabi/9.3.1/../../../../arm-none-eabi/lib/thumb/v6-m/nofp\libcr_c.a(memset.o)
                              ./source/main_fsm.o (memset)
c:/nxp/mcuxpressoide_11.3.0_5222/ide/plugins/com.nxp.mcuxpresso.tools.win32_11.3.0.202008311133/tools/bin/../lib/gcc/arm-none-eabi/9.3.1/../../../../arm-none-eabi/lib/thumb/v6-m/nofp\libcr_c.a(__fillbuf.o)
                              ./source/UART.o (__filbuf)
c:/nxp/mcuxpressoide_11.3.0_5222/ide/plugins/com.nxp.mcuxpresso.tools.win32_11.3.0.202008311133/tools/bin/../lib/gcc/arm-none-eabi/9.3.1/../../../../arm-none-eabi/lib/thumb/v6-m/nofp\libcr_c.a(_deferredlazyseek.o)
                              c:/nxp/mcuxpressoide_11.3.0_5222/ide/plugins/com.nxp.mcuxpresso.tools.win32_11.3.0.202008311133/tools/bin/../lib/gcc/arm-none-eabi/9.3.1/../../../../arm-none-eabi/lib/thumb/v6-m/nofp\libcr_c.a(__fillbuf.o) (_deferredlazyseek)
c:/nxp/mcuxpressoide_11.3.0_5222/ide/plugins/com.nxp.mcuxpresso.tools.win32_11.3.0.202008311133/tools/bin/../lib/gcc/arm-none-eabi/9.3.1/../../../../arm-none-eabi/lib/thumb/v6-m/nofp\libcr_c.a(_fflush.o)
                              c:/nxp/mcuxpressoide_11.3.0_5222/ide/plugins/com.nxp.mcuxpresso.tools.win32_11.3.0.202008311133/tools/bin/../lib/gcc/arm-none-eabi/9.3.1/../../../../arm-none-eabi/lib/thumb/v6-m/nofp\libcr_c.a(__fillbuf.o) (_fflush)
c:/nxp/mcuxpressoide_11.3.0_5222/ide/plugins/com.nxp.mcuxpresso.tools.win32_11.3.0.202008311133/tools/bin/../lib/gcc/arm-none-eabi/9.3.1/../../../../arm-none-eabi/lib/thumb/v6-m/nofp\libcr_c.a(_writebuf.o)
                              c:/nxp/mcuxpressoide_11.3.0_5222/ide/plugins/com.nxp.mcuxpresso.tools.win32_11.3.0.202008311133/tools/bin/../lib/gcc/arm-none-eabi/9.3.1/../../../../arm-none-eabi/lib/thumb/v6-m/nofp\libcr_c.a(_deferredlazyseek.o) (_Cwritebuf)
c:/nxp/mcuxpressoide_11.3.0_5222/ide/plugins/com.nxp.mcuxpresso.tools.win32_11.3.0.202008311133/tools/bin/../lib/gcc/arm-none-eabi/9.3.1/../../../../arm-none-eabi/lib/thumb/v6-m/nofp\libcr_c.a(alloc.o)
                              c:/nxp/mcuxpressoide_11.3.0_5222/ide/plugins/com.nxp.mcuxpresso.tools.win32_11.3.0.202008311133/tools/bin/../lib/gcc/arm-none-eabi/9.3.1/../../../../arm-none-eabi/lib/thumb/v6-m/nofp\libcr_c.a(__fillbuf.o) (_Csys_alloc)
c:/nxp/mcuxpressoide_11.3.0_5222/ide/plugins/com.nxp.mcuxpresso.tools.win32_11.3.0.202008311133/tools/bin/../lib/gcc/arm-none-eabi/9.3.1/../../../../arm-none-eabi/lib/thumb/v6-m/nofp\libcr_c.a(fseek.o)
                              c:/nxp/mcuxpressoide_11.3.0_5222/ide/plugins/com.nxp.mcuxpresso.tools.win32_11.3.0.202008311133/tools/bin/../lib/gcc/arm-none-eabi/9.3.1/../../../../arm-none-eabi/lib/thumb/v6-m/nofp\libcr_c.a(_deferredlazyseek.o) (fseek)
c:/nxp/mcuxpressoide_11.3.0_5222/ide/plugins/com.nxp.mcuxpresso.tools.win32_11.3.0.202008311133/tools/bin/../lib/gcc/arm-none-eabi/9.3.1/../../../../arm-none-eabi/lib/thumb/v6-m/nofp\libcr_c.a(ftell.o)
                              c:/nxp/mcuxpressoide_11.3.0_5222/ide/plugins/com.nxp.mcuxpresso.tools.win32_11.3.0.202008311133/tools/bin/../lib/gcc/arm-none-eabi/9.3.1/../../../../arm-none-eabi/lib/thumb/v6-m/nofp\libcr_c.a(fseek.o) (ftell)
c:/nxp/mcuxpressoide_11.3.0_5222/ide/plugins/com.nxp.mcuxpresso.tools.win32_11.3.0.202008311133/tools/bin/../lib/gcc/arm-none-eabi/9.3.1/../../../../arm-none-eabi/lib/thumb/v6-m/nofp\libcr_c.a(initio.o)
                              c:/nxp/mcuxpressoide_11.3.0_5222/ide/plugins/com.nxp.mcuxpresso.tools.win32_11.3.0.202008311133/tools/bin/../lib/gcc/arm-none-eabi/9.3.1/../../../../arm-none-eabi/lib/thumb/v6-m/nofp\libcr_nohost_nf.a(_cr__main.o) (_initio)
c:/nxp/mcuxpressoide_11.3.0_5222/ide/plugins/com.nxp.mcuxpresso.tools.win32_11.3.0.202008311133/tools/bin/../lib/gcc/arm-none-eabi/9.3.1/../../../../arm-none-eabi/lib/thumb/v6-m/nofp\libcr_c.a(printf.o)
                              ./source/Locker_Keypad.o (_printf)
[...]
Memory Configuration

Name             Origin             Length             Attributes
PROGRAM_FLASH    0x00000000         0x00020000         xr
SRAM             0x1ffff000         0x00004000         xrw
*default*        0x00000000         0xffffffff

Linker script and memory map

LOAD ./utilities/fsl_debug_console.o
LOAD ./startup/startup_mkl25z4.o
LOAD ./source/Buzzer_Timer.o
LOAD ./source/CBFIFO.o
LOAD ./source/Indication_Led.o
LOAD ./source/LFSR_Random.o
LOAD ./source/Locker_Keypad.o
LOAD ./source/MMA8451Q_I2C.o
LOAD ./source/MMA84541Q.o
LOAD ./source/Password_Process.o
LOAD ./source/System.o
LOAD ./source/Test_LFSR.o
LOAD ./source/Test_Password_Generation.o
LOAD ./source/UART.o
LOAD ./source/User_Input.o
LOAD ./source/main_fsm.o
LOAD ./source/mtb.o
LOAD ./source/semihost_hardfault.o
LOAD ./source/sysclock.o
LOAD ./source/systick.o
LOAD ./source/test_cbfifo.o
LOAD ./drivers/fsl_clock.o
LOAD ./drivers/fsl_common.o
LOAD ./drivers/fsl_flash.o
LOAD ./drivers/fsl_gpio.o
LOAD ./drivers/fsl_lpsci.o
LOAD ./drivers/fsl_smc.o
LOAD ./drivers/fsl_uart.o
LOAD ./board/board.o
LOAD ./board/clock_config.o
LOAD ./board/peripherals.o
LOAD ./board/pin_mux.o
LOAD ./CMSIS/system_MKL25Z4.o
START GROUP
LOAD c:/nxp/mcuxpressoide_11.3.0_5222/ide/plugins/com.nxp.mcuxpresso.tools.win32_11.3.0.202008311133/tools/bin/../lib/gcc/arm-none-eabi/9.3.1/../../../../arm-none-eabi/lib/thumb/v6-m/nofp\libcr_nohost_nf.a
LOAD c:/nxp/mcuxpressoide_11.3.0_5222/ide/plugins/com.nxp.mcuxpresso.tools.win32_11.3.0.202008311133/tools/bin/../lib/gcc/arm-none-eabi/9.3.1/../../../../arm-none-eabi/lib/thumb/v6-m/nofp\libcr_c.a
LOAD c:/nxp/mcuxpressoide_11.3.0_5222/ide/plugins/com.nxp.mcuxpresso.tools.win32_11.3.0.202008311133/tools/bin/../lib/gcc/arm-none-eabi/9.3.1/thumb/v6-m/nofp\libcr_eabihelpers.a
LOAD c:/nxp/mcuxpressoide_11.3.0_5222/ide/plugins/com.nxp.mcuxpresso.tools.win32_11.3.0.202008311133/tools/bin/../lib/gcc/arm-none-eabi/9.3.1/thumb/v6-m/nofp\libgcc.a
END GROUP
                0x00000000                __base_PROGRAM_FLASH = 0x0
                0x00000000                __base_Flash = 0x0
                0x00020000                __top_PROGRAM_FLASH = 0x20000
                0x00020000                __top_Flash = 0x20000
                0x1ffff000                __base_SRAM = 0x1ffff000
                0x1ffff000                __base_RAM = 0x1ffff000
                0x20003000                __top_SRAM = 0x20003000
                0x20003000                __top_RAM = 0x20003000

.text           0x00000000     0x83bc
 FILL mask 0xff
                0x00000000                __vectors_start__ = ABSOLUTE (.)
 *(SORT_BY_ALIGNMENT(.isr_vector))
 .isr_vector    0x00000000       0xc0 ./startup/startup_mkl25z4.o
                0x00000000                g_pfnVectors
                0x00000000                __Vectors
                0x000000c0                . = ALIGN (0x4)
                0x000000c0                __section_table_start = .
                0x000000c0                __data_section_table = .
                0x000000c0        0x4 LONG 0x83bc LOADADDR (.data)
                0x000000c4        0x4 LONG 0x1ffff080 ADDR (.data)
                0x000000c8        0x4 LONG 0x124 SIZEOF (.data)
                0x000000cc                __data_section_table_end = .
                0x000000cc                __bss_section_table = .
                0x000000cc        0x4 LONG 0x1ffff1a4 ADDR (.bss)
                0x000000d0        0x4 LONG 0x484 SIZEOF (.bss)
                0x000000d4                __bss_section_table_end = .
                0x000000d4                __section_table_end = .
 *(SORT_BY_ALIGNMENT(.after_vectors*))
 .after_vectors.reset
                0x000000d4       0x4c ./startup/startup_mkl25z4.o
                0x000000d4                ResetISR
 .after_vectors.init_data
                0x00000120       0x12 ./startup/startup_mkl25z4.o
                0x00000120                data_init
 .after_vectors.init_bss
                0x00000132       0x10 ./startup/startup_mkl25z4.o
                0x00000132                bss_init
 .after_vectors
                0x00000142      0x10c ./startup/startup_mkl25z4.o
                0x00000142                NMI_Handler
                0x00000146                SVC_Handler
                0x00000148                PendSV_Handler
                0x0000014c                SPI1_DriverIRQHandler
                0x0000014c                LPTMR0_DriverIRQHandler
                0x0000014c                DMA0_DriverIRQHandler
                0x0000014c                I2C0_DriverIRQHandler
                0x0000014c                Reserved39_DriverIRQHandler
                0x0000014c                PORTD_DriverIRQHandler
                0x0000014c                DMA2_DriverIRQHandler
                0x0000014c                CMP0_DriverIRQHandler
                0x0000014c                TPM2_DriverIRQHandler
                0x0000014c                ADC0_DriverIRQHandler
                0x0000014c                SPI0_DriverIRQHandler
                0x0000014c                TSI0_DriverIRQHandler
                0x0000014c                RTC_Seconds_DriverIRQHandler
                0x0000014c                I2C1_DriverIRQHandler
                0x0000014c                LLWU_DriverIRQHandler
                0x0000014c                MCG_DriverIRQHandler
                0x0000014c                DMA1_DriverIRQHandler
                0x0000014c                PIT_DriverIRQHandler
                0x0000014c                RTC_DriverIRQHandler
                0x0000014c                FTFA_DriverIRQHandler
                0x0000014c                IntDefaultHandler
                0x0000014c                USB0_DriverIRQHandler
                0x0000014c                DAC0_DriverIRQHandler
                0x0000014c                LVD_LVW_DriverIRQHandler
                0x0000014c                TPM0_DriverIRQHandler
                0x0000014c                TPM1_DriverIRQHandler
                0x0000014c                PORTA_DriverIRQHandler
                0x0000014c                Reserved20_DriverIRQHandler
                0x0000014c                DMA3_DriverIRQHandler
                0x0000014c                Reserved45_DriverIRQHandler
                0x0000014e                DMA0_IRQHandler
                0x00000156                DMA1_IRQHandler
                0x0000015e                DMA2_IRQHandler
                0x00000166                DMA3_IRQHandler
                0x0000016e                Reserved20_IRQHandler
                0x00000176                FTFA_IRQHandler
                0x0000017e                LVD_LVW_IRQHandler
                0x00000186                LLWU_IRQHandler
                0x0000018e                I2C0_IRQHandler
                0x00000196                I2C1_IRQHandler
                0x0000019e                SPI0_IRQHandler
                0x000001a6                SPI1_IRQHandler
                0x000001b6                UART1_IRQHandler
                0x000001be                UART2_IRQHandler
                0x000001c6                ADC0_IRQHandler
                0x000001ce                CMP0_IRQHandler
                0x000001d6                TPM0_IRQHandler
                0x000001de                TPM1_IRQHandler
                0x000001e6                TPM2_IRQHandler
                0x000001ee                RTC_IRQHandler
                0x000001f6                RTC_Seconds_IRQHandler
                0x000001fe                PIT_IRQHandler
                0x00000206                Reserved39_IRQHandler
                0x0000020e                USB0_IRQHandler
                0x00000216                DAC0_IRQHandler
                0x0000021e                TSI0_IRQHandler
                0x00000226                MCG_IRQHandler
                0x0000022e                LPTMR0_IRQHandler
                0x00000236                Reserved45_IRQHandler
                0x00000400                . = 0x400
 *fill*         0x0000024e      0x1b2 ff
                0x00000400                PROVIDE (__FLASH_CONFIG_START__ = .)
 *(SORT_BY_ALIGNMENT(.FlashConfig))
 .FlashConfig   0x00000400       0x10 ./startup/startup_mkl25z4.o
                0x00000400                Flash_Config
                0x00000410                PROVIDE (__FLASH_CONFIG_END__ = .)
                0x00000001                ASSERT (! ((__FLASH_CONFIG_START__ == __FLASH_CONFIG_END__)), Linker Flash Config Support Enabled, but no .FlashConfig section provided within application)
 *(SORT_BY_ALIGNMENT(.text*))
 .text.DbgConsole_Printf
                0x00000410       0x44 ./utilities/fsl_debug_console.o
                0x00000410                DbgConsole_Printf
 .text.DbgConsole_Putchar
                0x00000454       0x34 ./utilities/fsl_debug_console.o
                0x00000454                DbgConsole_Putchar
 .text.init_Buzzer_PWM
                0x00000488       0x98 ./source/Buzzer_Timer.o
                0x00000488                init_Buzzer_PWM
 .text.Ring_Buzzer
                0x00000520       0x1c ./source/Buzzer_Timer.o
                0x00000520                Ring_Buzzer
 .text.init_led
                0x0000053c       0xa8 ./source/Indication_Led.o
                0x0000053c                init_led
 .text.Turn_OFF_LED
                0x000005e4       0x60 ./source/Indication_Led.o
                0x000005e4                Turn_OFF_LED
 .text.Turn_ON_LED
                0x00000644       0x60 ./source/Indication_Led.o
                0x00000644                Turn_ON_LED
 .text.generate_polymask
                0x000006a4       0x40 ./source/LFSR_Random.o
                0x000006a4                generate_polymask
 .text.generate_random_value
                0x000006e4       0x70 ./source/LFSR_Random.o
                0x000006e4                generate_random_value
 .text.NVIC_EnableIRQ
                0x00000754       0x2c ./source/Locker_Keypad.o
 .text.NVIC_SetPriority
                0x00000780       0xdc ./source/Locker_Keypad.o
 .text.Locker_key_Init
                0x0000085c       0xb0 ./source/Locker_Keypad.o
                0x0000085c                Locker_key_Init
 .text.Locker_key_Scan
                0x0000090c       0xf8 ./source/Locker_Keypad.o
                0x0000090c                Locker_key_Scan
 .text.Locker_Find_Key
                0x00000a04       0x68 ./source/Locker_Keypad.o
                0x00000a04                Locker_Find_Key
 .text.PORTD_IRQHandler
                0x00000a6c       0x84 ./source/Locker_Keypad.o
                0x00000a6c                PORTD_IRQHandler
 .text.MMA8451Q_I2C_Init
                0x00000af0       0x5c ./source/MMA8451Q_I2C.o
                0x00000af0                MMA8451Q_I2C_Init
 .text.MMA8451Q_I2C_Write
                0x00000b4c       0xf8 ./source/MMA8451Q_I2C.o
                0x00000b4c                MMA8451Q_I2C_Write
 .text.NVIC_EnableIRQ
                0x00000c44       0x2c ./source/MMA84541Q.o
 .text.NVIC_SetPriority
                0x00000c70       0xdc ./source/MMA84541Q.o
 .text.MMA8451Q_Interrupt_Config
                0x00000d4c       0x48 ./source/MMA84541Q.o
                0x00000d4c                MMA8451Q_Interrupt_Config
 .text.PORTA_IRQHandler
                0x00000d94       0x20 ./source/MMA84541Q.o
                0x00000d94                PORTA_IRQHandler
 .text.display_password
                0x00000db4       0x58 ./source/Password_Process.o
                0x00000db4                display_password
 .text.System_Init
                0x00000e0c       0x18 ./source/System.o
                0x00000e0c                System_Init
 .text.System_Safestate
                0x00000e24       0x1c ./source/System.o
                0x00000e24                System_Safestate
 .text.System_WriteInt
                0x00000e40       0x20 ./source/System.o
                0x00000e40                System_WriteInt
 .text.Generate_Seeds
                0x00000e60       0x3c ./source/Test_LFSR.o
                0x00000e60                Generate_Seeds
 .text.Test_Randomness_LFSR
                0x00000e9c      0x4f4 ./source/Test_LFSR.o
                0x00000e9c                Test_Randomness_LFSR
 .text.Create_Seeds
                0x00001390       0x3c ./source/Test_Password_Generation.o
                0x00001390                Create_Seeds
 .text.Test_OTP
                0x000013cc      0x5e8 ./source/Test_Password_Generation.o
                0x000013cc                Test_OTP
 .text.NVIC_EnableIRQ
                0x000019b4       0x2c ./source/UART.o
 .text.Init_UART0
                0x000019e0      0x12c ./source/UART.o
                0x000019e0                Init_UART0
 .text.__sys_readc
                0x00001b0c       0x34 ./source/UART.o
                0x00001b0c                __sys_readc
 .text.__sys_write
                0x00001b40       0x68 ./source/UART.o
                0x00001b40                __sys_write
 .text.UART0_IRQHandler
                0x00001ba8       0xe0 ./source/UART.o
                0x00001ba8                UART0_IRQHandler
 .text.getstr   0x00001c88       0xb4 ./source/UART.o
                0x00001c88                getstr
 .text.Get_Seed_Value
                0x00001d3c       0xe8 ./source/User_Input.o
                0x00001d3c                Get_Seed_Value
 .text.Get_Password_Length
                0x00001e24       0x78 ./source/User_Input.o
                0x00001e24                Get_Password_Length
 .text.main     0x00001e9c      0x274 ./source/main_fsm.o
                0x00001e9c                main
 .text.HardFault_Handler
                0x00002110       0x30 ./source/semihost_hardfault.o
                0x00002110                HardFault_Handler
 .text.sysclock_init
                0x00002140       0x78 ./source/sysclock.o
                0x00002140                sysclock_init
 .text.NVIC_SetPriority
                0x000021b8       0xdc ./source/systick.o
 .text.init_systick
                0x00002294       0x30 ./source/systick.o
                0x00002294                init_systick
 .text.SysTick_Handler
                0x000022c4       0x34 ./source/systick.o
                0x000022c4                SysTick_Handler
 .text.now      0x000022f8       0x14 ./source/systick.o
                0x000022f8                now
 .text.test_cbfifo_one_iteration
                0x0000230c     0x30dc ./source/test_cbfifo.o
 .text.test_cbfifo
                0x000053e8       0x88 ./source/test_cbfifo.o
                0x000053e8                test_cbfifo
 .text.__assertion_failed
                0x00005470       0x1c ./drivers/fsl_common.o
                0x00005470                __assertion_failed
 .text.UART0_DriverIRQHandler
                0x0000548c       0x24 ./drivers/fsl_lpsci.o
                0x0000548c                UART0_DriverIRQHandler
 .text.UART1_DriverIRQHandler
                0x000054b0       0x24 ./drivers/fsl_uart.o
                0x000054b0                UART1_DriverIRQHandler
 .text.UART2_DriverIRQHandler
                0x000054d4       0x24 ./drivers/fsl_uart.o
                0x000054d4                UART2_DriverIRQHandler
 .text.SystemInit
                0x000054f8       0x18 ./CMSIS/system_MKL25Z4.o
                0x000054f8                SystemInit
 .text.__filbuf
                0x00005510      0x188 c:/nxp/mcuxpressoide_11.3.0_5222/ide/plugins/com.nxp.mcuxpresso.tools.win32_11.3.0.202008311133/tools/bin/../lib/gcc/arm-none-eabi/9.3.1/../../../../arm-none-eabi/lib/thumb/v6-m/nofp\libcr_c.a(__fillbuf.o)
                0x00005510                __filbuf
 .text._deferredlazyseek
                0x00005698       0x40 c:/nxp/mcuxpressoide_11.3.0_5222/ide/plugins/com.nxp.mcuxpresso.tools.win32_11.3.0.202008311133/tools/bin/../lib/gcc/arm-none-eabi/9.3.1/../../../../arm-none-eabi/lib/thumb/v6-m/nofp\libcr_c.a(_deferredlazyseek.o)
                0x00005698                _deferredlazyseek
 .text.__flsbuf
                0x000056d8      0x150 c:/nxp/mcuxpressoide_11.3.0_5222/ide/plugins/com.nxp.mcuxpresso.tools.win32_11.3.0.202008311133/tools/bin/../lib/gcc/arm-none-eabi/9.3.1/../../../../arm-none-eabi/lib/thumb/v6-m/nofp\libcr_c.a(_deferredlazyseek.o)
                0x000056d8                __flsbuf
 .text._fflush  0x00005828       0x60 c:/nxp/mcuxpressoide_11.3.0_5222/ide/plugins/com.nxp.mcuxpresso.tools.win32_11.3.0.202008311133/tools/bin/../lib/gcc/arm-none-eabi/9.3.1/../../../../arm-none-eabi/lib/thumb/v6-m/nofp\libcr_c.a(_fflush.o)
                0x00005828                _fflush
 .text._Cwritebuf
                0x00005888       0x68 c:/nxp/mcuxpressoide_11.3.0_5222/ide/plugins/com.nxp.mcuxpresso.tools.win32_11.3.0.202008311133/tools/bin/../lib/gcc/arm-none-eabi/9.3.1/../../../../arm-none-eabi/lib/thumb/v6-m/nofp\libcr_c.a(_writebuf.o)
                0x00005888                _Cwritebuf
 .text.malloc   0x000058f0       0xd0 c:/nxp/mcuxpressoide_11.3.0_5222/ide/plugins/com.nxp.mcuxpresso.tools.win32_11.3.0.202008311133/tools/bin/../lib/gcc/arm-none-eabi/9.3.1/../../../../arm-none-eabi/lib/thumb/v6-m/nofp\libcr_c.a(alloc.o)
                0x000058f0                malloc
 .text._Csys_alloc
                0x000059c0       0x20 c:/nxp/mcuxpressoide_11.3.0_5222/ide/plugins/com.nxp.mcuxpresso.tools.win32_11.3.0.202008311133/tools/bin/../lib/gcc/arm-none-eabi/9.3.1/../../../../arm-none-eabi/lib/thumb/v6-m/nofp\libcr_c.a(alloc.o)
                0x000059c0                _Csys_alloc
 .text.fseek    0x000059e0       0xf4 c:/nxp/mcuxpressoide_11.3.0_5222/ide/plugins/com.nxp.mcuxpresso.tools.win32_11.3.0.202008311133/tools/bin/../lib/gcc/arm-none-eabi/9.3.1/../../../../arm-none-eabi/lib/thumb/v6-m/nofp\libcr_c.a(fseek.o)
                0x000059e0                fseek
 .text.ftell    0x00005ad4       0x48 c:/nxp/mcuxpressoide_11.3.0_5222/ide/plugins/com.nxp.mcuxpresso.tools.win32_11.3.0.202008311133/tools/bin/../lib/gcc/arm-none-eabi/9.3.1/../../../../arm-none-eabi/lib/thumb/v6-m/nofp\libcr_c.a(ftell.o)
                0x00005ad4                ftell
 .text._initio  0x00005b1c       0x7c c:/nxp/mcuxpressoide_11.3.0_5222/ide/plugins/com.nxp.mcuxpresso.tools.win32_11.3.0.202008311133/tools/bin/../lib/gcc/arm-none-eabi/9.3.1/../../../../arm-none-eabi/lib/thumb/v6-m/nofp\libcr_c.a(initio.o)
                0x00005b1c                _initio
 .text.__vfprintf
                0x00005b98      0xd40 c:/nxp/mcuxpressoide_11.3.0_5222/ide/plugins/com.nxp.mcuxpresso.tools.win32_11.3.0.202008311133/tools/bin/../lib/gcc/arm-none-eabi/9.3.1/../../../../arm-none-eabi/lib/thumb/v6-m/nofp\libcr_c.a(printf.o)
                0x00005b98                __vfprintf
 .text._vsnprintf
                0x000068d8       0x70 c:/nxp/mcuxpressoide_11.3.0_5222/ide/plugins/com.nxp.mcuxpresso.tools.win32_11.3.0.202008311133/tools/bin/../lib/gcc/arm-none-eabi/9.3.1/../../../../arm-none-eabi/lib/thumb/v6-m/nofp\libcr_c.a(printf.o)
                0x000068d8                _vsnprintf
 .text._printf  0x00006948       0x50 c:/nxp/mcuxpressoide_11.3.0_5222/ide/plugins/com.nxp.mcuxpresso.tools.win32_11.3.0.202008311133/tools/bin/../lib/gcc/arm-none-eabi/9.3.1/../../../../arm-none-eabi/lib/thumb/v6-m/nofp\libcr_c.a(printf.o)
                0x00006948                _printf
 .text.setvbuf  0x00006998       0x4c c:/nxp/mcuxpressoide_11.3.0_5222/ide/plugins/com.nxp.mcuxpresso.tools.win32_11.3.0.202008311133/tools/bin/../lib/gcc/arm-none-eabi/9.3.1/../../../../arm-none-eabi/lib/thumb/v6-m/nofp\libcr_c.a(setvbuf.o)
                0x00006998                setvbuf
 .text.rand     0x000069e4       0x44 c:/nxp/mcuxpressoide_11.3.0_5222/ide/plugins/com.nxp.mcuxpresso.tools.win32_11.3.0.202008311133/tools/bin/../lib/gcc/arm-none-eabi/9.3.1/../../../../arm-none-eabi/lib/thumb/v6-m/nofp\libcr_c.a(stdlib.o)
                0x000069e4                rand
 .text.srand    0x00006a28       0x40 c:/nxp/mcuxpressoide_11.3.0_5222/ide/plugins/com.nxp.mcuxpresso.tools.win32_11.3.0.202008311133/tools/bin/../lib/gcc/arm-none-eabi/9.3.1/../../../../arm-none-eabi/lib/thumb/v6-m/nofp\libcr_c.a(stdlib.o)
                0x00006a28                srand
 .text.strlen   0x00006a68       0x58 c:/nxp/mcuxpressoide_11.3.0_5222/ide/plugins/com.nxp.mcuxpresso.tools.win32_11.3.0.202008311133/tools/bin/../lib/gcc/arm-none-eabi/9.3.1/../../../../arm-none-eabi/lib/thumb/v6-m/nofp\libcr_c.a(strlen.o)
                0x00006a68                strlen
 .text.strncmp  0x00006ac0       0x50 c:/nxp/mcuxpressoide_11.3.0_5222/ide/plugins/com.nxp.mcuxpresso.tools.win32_11.3.0.202008311133/tools/bin/../lib/gcc/arm-none-eabi/9.3.1/../../../../arm-none-eabi/lib/thumb/v6-m/nofp\libcr_c.a(strncmp.o)
                0x00006ac0                strncmp
 .text._sbrk    0x00006b10       0x44 c:/nxp/mcuxpressoide_11.3.0_5222/ide/plugins/com.nxp.mcuxpresso.tools.win32_11.3.0.202008311133/tools/bin/../lib/gcc/arm-none-eabi/9.3.1/../../../../arm-none-eabi/lib/thumb/v6-m/nofp\libcr_c.a(_cr_sbrk.o)
                0x00006b10                _sbrk
 .text._fdopen  0x00006b54       0x74 c:/nxp/mcuxpressoide_11.3.0_5222/ide/plugins/com.nxp.mcuxpresso.tools.win32_11.3.0.202008311133/tools/bin/../lib/gcc/arm-none-eabi/9.3.1/../../../../arm-none-eabi/lib/thumb/v6-m/nofp\libcr_c.a(_fdopen.o)
                0x00006b54                _fdopen
 .text.fclose   0x00006bc8       0x5c c:/nxp/mcuxpressoide_11.3.0_5222/ide/plugins/com.nxp.mcuxpresso.tools.win32_11.3.0.202008311133/tools/bin/../lib/gcc/arm-none-eabi/9.3.1/../../../../arm-none-eabi/lib/thumb/v6-m/nofp\libcr_c.a(fclose.o)
                0x00006bc8                fclose
 .text.fflush   0x00006c24       0x44 c:/nxp/mcuxpressoide_11.3.0_5222/ide/plugins/com.nxp.mcuxpresso.tools.win32_11.3.0.202008311133/tools/bin/../lib/gcc/arm-none-eabi/9.3.1/../../../../arm-none-eabi/lib/thumb/v6-m/nofp\libcr_c.a(fflush.o)
                0x00006c24                fflush
 .text.__check_heap_overflow
                0x00006c68       0x14 c:/nxp/mcuxpressoide_11.3.0_5222/ide/plugins/com.nxp.mcuxpresso.tools.win32_11.3.0.202008311133/tools/bin/../lib/gcc/arm-none-eabi/9.3.1/../../../../arm-none-eabi/lib/thumb/v6-m/nofp\libcr_c.a(_cr_check_heap.o)
                0x00006c68                __check_heap_overflow
 .text._do_fflush
                0x00006c7c       0x48 c:/nxp/mcuxpressoide_11.3.0_5222/ide/plugins/com.nxp.mcuxpresso.tools.win32_11.3.0.202008311133/tools/bin/../lib/gcc/arm-none-eabi/9.3.1/../../../../arm-none-eabi/lib/thumb/v6-m/nofp\libcr_c.a(_do_fflush.o)
                0x00006c7c                _do_fflush
 .text.__aeabi_dmul
                0x00006cc4      0x184 c:/nxp/mcuxpressoide_11.3.0_5222/ide/plugins/com.nxp.mcuxpresso.tools.win32_11.3.0.202008311133/tools/bin/../lib/gcc/arm-none-eabi/9.3.1/thumb/v6-m/nofp\libcr_eabihelpers.a(double.o)
                0x00006cc4                __aeabi_dmul
 .text.__aeabi_ddiv
                0x00006e48      0x150 c:/nxp/mcuxpressoide_11.3.0_5222/ide/plugins/com.nxp.mcuxpresso.tools.win32_11.3.0.202008311133/tools/bin/../lib/gcc/arm-none-eabi/9.3.1/thumb/v6-m/nofp\libcr_eabihelpers.a(double.o)
                0x00006e48                __aeabi_ddiv
 .text.DbgConsole_PrintfPaddingCharacter
                0x00006f98       0x48 ./utilities/fsl_debug_console.o
 .text.DbgConsole_ConvertRadixNumToString
                0x00006fe0      0x114 ./utilities/fsl_debug_console.o
 .text.DbgConsole_PrintfFormattedData
                0x000070f4      0x33a ./utilities/fsl_debug_console.o
 .text.cbfifo_enqueue
                0x0000742e      0x110 ./source/CBFIFO.o
                0x0000742e                cbfifo_enqueue
 .text.cbfifo_dequeue
                0x0000753e      0x138 ./source/CBFIFO.o
                0x0000753e                cbfifo_dequeue
 .text.buf_isfull
                0x00007676       0x22 ./source/CBFIFO.o
                0x00007676                buf_isfull
 .text.buf_isempty
                0x00007698       0x28 ./source/CBFIFO.o
                0x00007698                buf_isempty
 .text.cbfifo_length
                0x000076c0       0x24 ./source/CBFIFO.o
                0x000076c0                cbfifo_length
 .text.cbfifo_capacity
                0x000076e4       0x12 ./source/CBFIFO.o
                0x000076e4                cbfifo_capacity
 .text.perform_shift
                0x000076f6       0x3c ./source/LFSR_Random.o
                0x000076f6                perform_shift
 .text.MMA8451Q_Init
                0x00007732       0x64 ./source/MMA84541Q.o
                0x00007732                MMA8451Q_Init
 .text.fragment_password
                0x00007796       0x56 ./source/Password_Process.o
                0x00007796                fragment_password
 .text.Check_User_Input
                0x000077ec       0x62 ./source/Password_Process.o
                0x000077ec                Check_User_Input
 .text.System_exit
                0x0000784e        0xc ./source/System.o
                0x0000784e                System_exit
 .text.System_WriteString
                0x0000785a       0x18 ./source/System.o
                0x0000785a                System_WriteString
 .text.delay_ticks
                0x00007872       0x2c ./source/systick.o
                0x00007872                delay_ticks
 .text.__main   0x0000789e        0xc c:/nxp/mcuxpressoide_11.3.0_5222/ide/plugins/com.nxp.mcuxpresso.tools.win32_11.3.0.202008311133/tools/bin/../lib/gcc/arm-none-eabi/9.3.1/../../../../arm-none-eabi/lib/thumb/v6-m/nofp\libcr_nohost_nf.a(_cr__main.o)
                0x0000789e                __main
 .text.memset   0x000078aa        0x8 c:/nxp/mcuxpressoide_11.3.0_5222/ide/plugins/com.nxp.mcuxpresso.tools.win32_11.3.0.202008311133/tools/bin/../lib/gcc/arm-none-eabi/9.3.1/../../../../arm-none-eabi/lib/thumb/v6-m/nofp\libcr_c.a(memset.o)
                0x000078aa                memset
 .text._Csys_read_
                0x000078b2       0x24 c:/nxp/mcuxpressoide_11.3.0_5222/ide/plugins/com.nxp.mcuxpresso.tools.win32_11.3.0.202008311133/tools/bin/../lib/gcc/arm-none-eabi/9.3.1/../../../../arm-none-eabi/lib/thumb/v6-m/nofp\libcr_c.a(__fillbuf.o)
                0x000078b2                _Csys_read_
 .text.free     0x000078d6       0x2c c:/nxp/mcuxpressoide_11.3.0_5222/ide/plugins/com.nxp.mcuxpresso.tools.win32_11.3.0.202008311133/tools/bin/../lib/gcc/arm-none-eabi/9.3.1/../../../../arm-none-eabi/lib/thumb/v6-m/nofp\libcr_c.a(alloc.o)
                0x000078d6                free
 .text.no_fp_display
                0x00007902        0x4 c:/nxp/mcuxpressoide_11.3.0_5222/ide/plugins/com.nxp.mcuxpresso.tools.win32_11.3.0.202008311133/tools/bin/../lib/gcc/arm-none-eabi/9.3.1/../../../../arm-none-eabi/lib/thumb/v6-m/nofp\libcr_c.a(printf.o)
 .text.remove   0x00007906       0x12 c:/nxp/mcuxpressoide_11.3.0_5222/ide/plugins/com.nxp.mcuxpresso.tools.win32_11.3.0.202008311133/tools/bin/../lib/gcc/arm-none-eabi/9.3.1/../../../../arm-none-eabi/lib/thumb/v6-m/nofp\libcr_c.a(remove.o)
                0x00007906                remove
 .text.__aeabi_division_idivmod
                0x00007918       0x78 c:/nxp/mcuxpressoide_11.3.0_5222/ide/plugins/com.nxp.mcuxpresso.tools.win32_11.3.0.202008311133/tools/bin/../lib/gcc/arm-none-eabi/9.3.1/thumb/v6-m/nofp\libcr_eabihelpers.a(division_32.o)
                0x00007918                __aeabi_idivmod
                0x00007918                __aeabi_idiv
                0x0000791e                __aeabi_uidivmod
                0x0000791e                __aeabi_uidiv
 .text.__aeabi_division_idiv0
                0x00007990        0x2 c:/nxp/mcuxpressoide_11.3.0_5222/ide/plugins/com.nxp.mcuxpresso.tools.win32_11.3.0.202008311133/tools/bin/../lib/gcc/arm-none-eabi/9.3.1/thumb/v6-m/nofp\libcr_eabihelpers.a(division_idiv0.o)
                0x00007990                __aeabi_idiv0
 .text.__bhs_ui2d
                0x00007992       0x5e c:/nxp/mcuxpressoide_11.3.0_5222/ide/plugins/com.nxp.mcuxpresso.tools.win32_11.3.0.202008311133/tools/bin/../lib/gcc/arm-none-eabi/9.3.1/thumb/v6-m/nofp\libcr_eabihelpers.a(double.o)
                0x00007992                __bhs_ui2d
 .text.__aeabi_i2d
                0x000079f0       0x18 c:/nxp/mcuxpressoide_11.3.0_5222/ide/plugins/com.nxp.mcuxpresso.tools.win32_11.3.0.202008311133/tools/bin/../lib/gcc/arm-none-eabi/9.3.1/thumb/v6-m/nofp\libcr_eabihelpers.a(double.o)
                0x000079f0                __aeabi_i2d
 .text.__aeabi_llong_lmul
                0x00007a08       0x2e c:/nxp/mcuxpressoide_11.3.0_5222/ide/plugins/com.nxp.mcuxpresso.tools.win32_11.3.0.202008311133/tools/bin/../lib/gcc/arm-none-eabi/9.3.1/thumb/v6-m/nofp\libcr_eabihelpers.a(llong.o)
                0x00007a08                __aeabi_lmul
 .text.__aeabi_memset_lowlevel
                0x00007a36       0x2a c:/nxp/mcuxpressoide_11.3.0_5222/ide/plugins/com.nxp.mcuxpresso.tools.win32_11.3.0.202008311133/tools/bin/../lib/gcc/arm-none-eabi/9.3.1/thumb/v6-m/nofp\libcr_eabihelpers.a(memcpy.o)
                0x00007a36                __aeabi_lowlevel_memset
 .text.__gnu_thumb1_case_shi
                0x00007a60       0x10 c:/nxp/mcuxpressoide_11.3.0_5222/ide/plugins/com.nxp.mcuxpresso.tools.win32_11.3.0.202008311133/tools/bin/../lib/gcc/arm-none-eabi/9.3.1/thumb/v6-m/nofp\libcr_eabihelpers.a(thumb1_switch_helpers.o)
                0x00007a60                __gnu_thumb1_case_shi
 .text.__sys_appexit
                0x00007a70        0x2 c:/nxp/mcuxpressoide_11.3.0_5222/ide/plugins/com.nxp.mcuxpresso.tools.win32_11.3.0.202008311133/tools/bin/../lib/gcc/arm-none-eabi/9.3.1/../../../../arm-none-eabi/lib/thumb/v6-m/nofp\libcr_nohost_nf.a(__sys_appexit.o)
                0x00007a70                __sys_appexit
                0x00007a70                __exit
 .text.__sys_close
                0x00007a72        0x6 c:/nxp/mcuxpressoide_11.3.0_5222/ide/plugins/com.nxp.mcuxpresso.tools.win32_11.3.0.202008311133/tools/bin/../lib/gcc/arm-none-eabi/9.3.1/../../../../arm-none-eabi/lib/thumb/v6-m/nofp\libcr_nohost_nf.a(__sys_close.o)
                0x00007a72                __sys_close
 .text.__sys_flen
                0x00007a78        0x6 c:/nxp/mcuxpressoide_11.3.0_5222/ide/plugins/com.nxp.mcuxpresso.tools.win32_11.3.0.202008311133/tools/bin/../lib/gcc/arm-none-eabi/9.3.1/../../../../arm-none-eabi/lib/thumb/v6-m/nofp\libcr_nohost_nf.a(__sys_flen.o)
                0x00007a78                __sys_flen
 .text.__sys_istty
                0x00007a7e        0x6 c:/nxp/mcuxpressoide_11.3.0_5222/ide/plugins/com.nxp.mcuxpresso.tools.win32_11.3.0.202008311133/tools/bin/../lib/gcc/arm-none-eabi/9.3.1/../../../../arm-none-eabi/lib/thumb/v6-m/nofp\libcr_nohost_nf.a(__sys_istty.o)
                0x00007a7e                __sys_istty
 .text.__sys_read
                0x00007a84        0x4 c:/nxp/mcuxpressoide_11.3.0_5222/ide/plugins/com.nxp.mcuxpresso.tools.win32_11.3.0.202008311133/tools/bin/../lib/gcc/arm-none-eabi/9.3.1/../../../../arm-none-eabi/lib/thumb/v6-m/nofp\libcr_nohost_nf.a(__sys_read.o)
                0x00007a84                __sys_read
 .text.__sys_remove
                0x00007a88        0x6 c:/nxp/mcuxpressoide_11.3.0_5222/ide/plugins/com.nxp.mcuxpresso.tools.win32_11.3.0.202008311133/tools/bin/../lib/gcc/arm-none-eabi/9.3.1/../../../../arm-none-eabi/lib/thumb/v6-m/nofp\libcr_nohost_nf.a(__sys_remove.o)
                0x00007a88                __sys_remove
 .text.__sys_seek
                0x00007a8e        0x6 c:/nxp/mcuxpressoide_11.3.0_5222/ide/plugins/com.nxp.mcuxpresso.tools.win32_11.3.0.202008311133/tools/bin/../lib/gcc/arm-none-eabi/9.3.1/../../../../arm-none-eabi/lib/thumb/v6-m/nofp\libcr_nohost_nf.a(__sys_seek.o)
                0x00007a8e                __sys_seek
 .text.__sys_tmpnam
                0x00007a94        0x6 c:/nxp/mcuxpressoide_11.3.0_5222/ide/plugins/com.nxp.mcuxpresso.tools.win32_11.3.0.202008311133/tools/bin/../lib/gcc/arm-none-eabi/9.3.1/../../../../arm-none-eabi/lib/thumb/v6-m/nofp\libcr_nohost_nf.a(__sys_tmpnam.o)
                0x00007a94                __sys_tmpnam
 *(SORT_BY_ALIGNMENT(.rodata) SORT_BY_ALIGNMENT(.rodata.*) SORT_BY_ALIGNMENT(.constdata) SORT_BY_ALIGNMENT(.constdata.*))
 *fill*         0x00007a9a        0x2 ff
 .rodata.Keypad_Character_Array
                0x00007a9c       0x10 ./source/Locker_Keypad.o
                0x00007a9c                Keypad_Character_Array
 .rodata.Locker_Find_Key.str1.4
                0x00007aac        0x4 ./source/Locker_Keypad.o
 .rodata.display_password.str1.4
                0x00007ab0       0x20 ./source/Password_Process.o
                                 0x27 (size before relaxing)
 .rodata.System_Init.str1.4
                0x00007ad0       0x1d ./source/System.o
 *fill*         0x00007aed        0x3 ff
 .rodata.System_Safestate.str1.4
                0x00007af0       0x15 ./source/System.o
 *fill*         0x00007b05        0x3 ff
 .rodata.System_WriteInt.str1.4
                0x00007b08        0x3 ./source/System.o
 *fill*         0x00007b0b        0x1 ff
 .rodata.Test_Randomness_LFSR.str1.4
                0x00007b0c      0x1c3 ./source/Test_LFSR.o
                                0x1cb (size before relaxing)
 *fill*         0x00007ccf        0x1 ff
 .rodata.Test_OTP.str1.4
                0x00007cd0       0xa7 ./source/Test_Password_Generation.o
                                0x1f3 (size before relaxing)
 *fill*         0x00007d77        0x1 ff
 .rodata.Get_Seed_Value.str1.4
                0x00007d78       0x36 ./source/User_Input.o
 *fill*         0x00007dae        0x2 ff
 .rodata        0x00007db0       0x24 ./source/User_Input.o
 .rodata.Get_Password_Length.str1.4
                0x00007dd4       0x31 ./source/User_Input.o
 *fill*         0x00007e05        0x3 ff
 .rodata.main.str1.4
                0x00007e08      0x25f ./source/main_fsm.o
 *fill*         0x00008067        0x1 ff
 .rodata.test_cbfifo_one_iteration.str1.4
                0x00008068      0x2c8 ./source/test_cbfifo.o
 .rodata.test_cbfifo.str1.4
                0x00008330       0x21 ./source/test_cbfifo.o
 *fill*         0x00008351        0x3 ff
 .rodata.__FUNCTION__.5103
                0x00008354        0xc ./source/test_cbfifo.o
 .rodata.__assertion_failed.str1.4
                0x00008360        0x4 ./drivers/fsl_common.o
 .rodata.__num_Ciob_streams
                0x00008364        0x4 c:/nxp/mcuxpressoide_11.3.0_5222/ide/plugins/com.nxp.mcuxpresso.tools.win32_11.3.0.202008311133/tools/bin/../lib/gcc/arm-none-eabi/9.3.1/../../../../arm-none-eabi/lib/thumb/v6-m/nofp\libcr_nohost_nf.a(__ciob.o)
                0x00008364                __num_Ciob_streams
 .rodata._Csys_alloc.str1.1
                0x00008368       0x18 c:/nxp/mcuxpressoide_11.3.0_5222/ide/plugins/com.nxp.mcuxpresso.tools.win32_11.3.0.202008311133/tools/bin/../lib/gcc/arm-none-eabi/9.3.1/../../../../arm-none-eabi/lib/thumb/v6-m/nofp\libcr_c.a(alloc.o)
 .rodata._initio.str1.1
                0x00008380        0x4 c:/nxp/mcuxpressoide_11.3.0_5222/ide/plugins/com.nxp.mcuxpresso.tools.win32_11.3.0.202008311133/tools/bin/../lib/gcc/arm-none-eabi/9.3.1/../../../../arm-none-eabi/lib/thumb/v6-m/nofp\libcr_c.a(initio.o)
 .rodata.__vfprintf.str1.1
                0x00008384       0x37 c:/nxp/mcuxpressoide_11.3.0_5222/ide/plugins/com.nxp.mcuxpresso.tools.win32_11.3.0.202008311133/tools/bin/../lib/gcc/arm-none-eabi/9.3.1/../../../../arm-none-eabi/lib/thumb/v6-m/nofp\libcr_c.a(printf.o)
                                 0x38 (size before relaxing)
                0x000083bc                . = ALIGN (0x4)
 *fill*         0x000083bb        0x1 ff

.glue_7         0x000083bc        0x0
 .glue_7        0x000083bc        0x0 linker stubs

.glue_7t        0x000083bc        0x0
 .glue_7t       0x000083bc        0x0 linker stubs

.vfp11_veneer   0x000083bc        0x0
 .vfp11_veneer  0x000083bc        0x0 linker stubs

.v4_bx          0x000083bc        0x0
 .v4_bx         0x000083bc        0x0 linker stubs

.iplt           0x000083bc        0x0
 .iplt          0x000083bc        0x0 ./utilities/fsl_debug_console.o

.rel.dyn        0x000083bc        0x0
 .rel.iplt      0x000083bc        0x0 ./utilities/fsl_debug_console.o

.ARM.extab
 *(SORT_BY_ALIGNMENT(.ARM.extab*) SORT_BY_ALIGNMENT(.gnu.linkonce.armextab.*))

.ARM.exidx      0x000083bc        0x0
                0x000083bc                __exidx_start = .
 *(SORT_BY_ALIGNMENT(.ARM.exidx*) SORT_BY_ALIGNMENT(.gnu.linkonce.armexidx.*))
                0x000083bc                __exidx_end = .
                0x000083bc                _etext = .

.m_usb_data
 *(SORT_BY_ALIGNMENT(m_usb_bdt))

.mtb_buffer_default
                0x1ffff000       0x80
 *(SORT_BY_ALIGNMENT(.mtb*))
 .mtb.$RAM1     0x1ffff000       0x80 ./source/mtb.o
                0x1ffff000                __mtb_buffer__

.uninit_RESERVED
                0x1ffff080        0x0
                0x1ffff080                _start_uninit_RESERVED = .
 *(SORT_BY_ALIGNMENT(.bss.$RESERVED*))
                0x1ffff080                . = ALIGN (0x4)
                0x1ffff080                _end_uninit_RESERVED = .

.data           0x1ffff080      0x124 load address 0x000083bc
 FILL mask 0xff
                0x1ffff080                _data = .
                [!provide]                PROVIDE (__start_data_RAM = .)
                [!provide]                PROVIDE (__start_data_SRAM = .)
 *(SORT_BY_ALIGNMENT(vtable))
 *(SORT_BY_ALIGNMENT(.ramfunc*))
 *(SORT_BY_ALIGNMENT(CodeQuickAccess))
 *(SORT_BY_ALIGNMENT(DataQuickAccess))
 *(SORT_BY_ALIGNMENT(RamFunction))
 *(SORT_BY_ALIGNMENT(.data*))
 .data.Poly_Mask
                0x1ffff080       0x30 ./source/LFSR_Random.o
                0x1ffff080                Poly_Mask
 .data.seed2    0x1ffff0b0        0x4 ./source/Test_LFSR.o
                0x1ffff0b0                seed2
 .data.seed1    0x1ffff0b4        0x4 ./source/Test_Password_Generation.o
                0x1ffff0b4                seed1
 .data.Password
                0x1ffff0b8        0x8 ./source/main_fsm.o
                0x1ffff0b8                Password
 .data._random_j
                0x1ffff0c0        0x4 c:/nxp/mcuxpressoide_11.3.0_5222/ide/plugins/com.nxp.mcuxpresso.tools.win32_11.3.0.202008311133/tools/bin/../lib/gcc/arm-none-eabi/9.3.1/../../../../arm-none-eabi/lib/thumb/v6-m/nofp\libcr_c.a(stdlib.o)
 .data._random_k
                0x1ffff0c4        0x4 c:/nxp/mcuxpressoide_11.3.0_5222/ide/plugins/com.nxp.mcuxpresso.tools.win32_11.3.0.202008311133/tools/bin/../lib/gcc/arm-none-eabi/9.3.1/../../../../arm-none-eabi/lib/thumb/v6-m/nofp\libcr_c.a(stdlib.o)
 .data._random_number_seed
                0x1ffff0c8       0xdc c:/nxp/mcuxpressoide_11.3.0_5222/ide/plugins/com.nxp.mcuxpresso.tools.win32_11.3.0.202008311133/tools/bin/../lib/gcc/arm-none-eabi/9.3.1/../../../../arm-none-eabi/lib/thumb/v6-m/nofp\libcr_c.a(stdlib.o)
                0x1ffff1a4                . = ALIGN (0x4)
                0x1ffff1a4                _edata = .
                [!provide]                PROVIDE (__end_data_RAM = .)
                [!provide]                PROVIDE (__end_data_SRAM = .)

.igot.plt       0x1ffff1a4        0x0 load address 0x000084e0
 .igot.plt      0x1ffff1a4        0x0 ./utilities/fsl_debug_console.o

.bss            0x1ffff1a4      0x484
                0x1ffff1a4                _bss = .
                [!provide]                PROVIDE (__start_bss_RAM = .)
                [!provide]                PROVIDE (__start_bss_SRAM = .)
 *(SORT_BY_ALIGNMENT(.bss*))
 .bss.s_debugConsole
                0x1ffff1a4       0x10 ./utilities/fsl_debug_console.o
 .bss.gen_mask  0x1ffff1b4        0x8 ./source/LFSR_Random.o
                0x1ffff1b4                gen_mask
 .bss.masking_state
                0x1ffff1bc        0x4 ./source/Locker_Keypad.o
                0x1ffff1bc                masking_state
 .bss.ucunit_checks_failed
                0x1ffff1c0        0x4 ./source/Test_LFSR.o
 .bss.ucunit_checks_passed
                0x1ffff1c4        0x4 ./source/Test_LFSR.o
 .bss.ucunit_testcases_failed
                0x1ffff1c8        0x4 ./source/Test_LFSR.o
 .bss.ucunit_testcases_passed
                0x1ffff1cc        0x4 ./source/Test_LFSR.o
 .bss.ucunit_testcases_failed_checks
                0x1ffff1d0        0x4 ./source/Test_LFSR.o
 .bss.ucunit_checklist_failed_checks
                0x1ffff1d4        0x4 ./source/Test_LFSR.o
 .bss.ucunit_action
                0x1ffff1d8        0x4 ./source/Test_LFSR.o
 .bss.seed      0x1ffff1dc       0x14 ./source/Test_LFSR.o
                0x1ffff1dc                seed
 .bss.ucunit_checks_failed
                0x1ffff1f0        0x4 ./source/Test_Password_Generation.o
 .bss.ucunit_checks_passed
                0x1ffff1f4        0x4 ./source/Test_Password_Generation.o
 .bss.ucunit_testcases_failed
                0x1ffff1f8        0x4 ./source/Test_Password_Generation.o
 .bss.ucunit_testcases_passed
                0x1ffff1fc        0x4 ./source/Test_Password_Generation.o
 .bss.ucunit_testcases_failed_checks
                0x1ffff200        0x4 ./source/Test_Password_Generation.o
 .bss.ucunit_checklist_failed_checks
                0x1ffff204        0x4 ./source/Test_Password_Generation.o
 .bss.ucunit_action
                0x1ffff208        0x4 ./source/Test_Password_Generation.o
 .bss.seed0     0x1ffff20c       0x14 ./source/Test_Password_Generation.o
                0x1ffff20c                seed0
 .bss.tx_buffer
                0x1ffff220      0x102 ./source/UART.o
                0x1ffff220                tx_buffer
 *fill*         0x1ffff322        0x2 
 .bss.rx_buffer
                0x1ffff324      0x102 ./source/UART.o
                0x1ffff324                rx_buffer
 *fill*         0x1ffff426        0x2 
 .bss.User_Input
                0x1ffff428        0x8 ./source/main_fsm.o
                0x1ffff428                User_Input
 .bss.current_ticks
                0x1ffff430        0x4 ./source/systick.o
                0x1ffff430                current_ticks
 .bss.reset_ticks
                0x1ffff434        0x4 ./source/systick.o
                0x1ffff434                reset_ticks
 .bss.queue     0x1ffff438      0x102 ./source/test_cbfifo.o
                0x1ffff438                queue
 *fill*         0x1ffff53a        0x2 
 .bss.g_tests_passed
                0x1ffff53c        0x4 ./source/test_cbfifo.o
                0x1ffff53c                g_tests_passed
 .bss.g_tests_total
                0x1ffff540        0x4 ./source/test_cbfifo.o
                0x1ffff540                g_tests_total
 .bss.s_lpsciHandle
                0x1ffff544        0x4 ./drivers/fsl_lpsci.o
 .bss.s_lpsciIsr
                0x1ffff548        0x4 ./drivers/fsl_lpsci.o
 .bss.s_uartHandle
                0x1ffff54c        0xc ./drivers/fsl_uart.o
 .bss.s_uartIsr
                0x1ffff558        0x4 ./drivers/fsl_uart.o
 .bss.__Ciob    0x1ffff55c       0xb4 c:/nxp/mcuxpressoide_11.3.0_5222/ide/plugins/com.nxp.mcuxpresso.tools.win32_11.3.0.202008311133/tools/bin/../lib/gcc/arm-none-eabi/9.3.1/../../../../arm-none-eabi/lib/thumb/v6-m/nofp\libcr_nohost_nf.a(__ciob.o)
                0x1ffff55c                __Ciob
 .bss.__end_of_heap
                0x1ffff610        0x4 c:/nxp/mcuxpressoide_11.3.0_5222/ide/plugins/com.nxp.mcuxpresso.tools.win32_11.3.0.202008311133/tools/bin/../lib/gcc/arm-none-eabi/9.3.1/../../../../arm-none-eabi/lib/thumb/v6-m/nofp\libcr_c.a(__init_alloc.o)
                0x1ffff610                __end_of_heap
 .bss.__heaps   0x1ffff614        0x4 c:/nxp/mcuxpressoide_11.3.0_5222/ide/plugins/com.nxp.mcuxpresso.tools.win32_11.3.0.202008311133/tools/bin/../lib/gcc/arm-none-eabi/9.3.1/../../../../arm-none-eabi/lib/thumb/v6-m/nofp\libcr_c.a(__init_alloc.o)
                0x1ffff614                __heaps
 .bss.errno     0x1ffff618        0x4 c:/nxp/mcuxpressoide_11.3.0_5222/ide/plugins/com.nxp.mcuxpresso.tools.win32_11.3.0.202008311133/tools/bin/../lib/gcc/arm-none-eabi/9.3.1/../../../../arm-none-eabi/lib/thumb/v6-m/nofp\libcr_c.a(errno.o)
                0x1ffff618                errno
 .bss.Start_User_Input
                0x1ffff61c        0x1 ./source/Locker_Keypad.o
                0x1ffff61c                Start_User_Input
 .bss.Char_Count
                0x1ffff61d        0x1 ./source/Locker_Keypad.o
                0x1ffff61d                Char_Count
 .bss.r         0x1ffff61e        0x1 ./source/Locker_Keypad.o
                0x1ffff61e                r
 .bss.c         0x1ffff61f        0x1 ./source/Locker_Keypad.o
                0x1ffff61f                c
 .bss.c_mask    0x1ffff620        0x1 ./source/Locker_Keypad.o
                0x1ffff620                c_mask
 .bss.r_mask    0x1ffff621        0x1 ./source/Locker_Keypad.o
                0x1ffff621                r_mask
 .bss.i         0x1ffff622        0x1 ./source/Locker_Keypad.o
                0x1ffff622                i
 .bss.Current_State
                0x1ffff623        0x1 ./source/main_fsm.o
                0x1ffff623                Current_State
 .bss.reset_flag
                0x1ffff624        0x1 ./source/systick.o
                0x1ffff624                reset_flag
 *(SORT_BY_ALIGNMENT(COMMON))
                0x1ffff628                . = ALIGN (0x4)
 *fill*         0x1ffff625        0x3 
                0x1ffff628                _ebss = .
                [!provide]                PROVIDE (__end_bss_RAM = .)
                [!provide]                PROVIDE (__end_bss_SRAM = .)
                [!provide]                PROVIDE (end = .)

.noinit         0x1ffff628        0x0
                0x1ffff628                _noinit = .
                [!provide]                PROVIDE (__start_noinit_RAM = .)
                [!provide]                PROVIDE (__start_noinit_SRAM = .)
 *(SORT_BY_ALIGNMENT(.noinit*))
                0x1ffff628                . = ALIGN (0x4)
                0x1ffff628                _end_noinit = .
                [!provide]                PROVIDE (__end_noinit_RAM = .)
                [!provide]                PROVIDE (__end_noinit_SRAM = .)
                0x00000400                _HeapSize = 0x400

.heap           0x1ffff628      0x400
                0x1ffff628                _pvHeapStart = .
                0x1ffffa28                . = (. + _HeapSize)
 *fill*         0x1ffff628      0x400 
                0x1ffffa28                . = ALIGN (0x4)
                0x1ffffa28                _pvHeapLimit = .
                0x00000400                _StackSize = 0x400

.heap2stackfill
                0x1ffffa28      0x400
                0x1ffffe28                . = (. + _StackSize)
 *fill*         0x1ffffa28      0x400 

.stack          0x20002c00        0x0
                0x20002c00                _vStackBase = .
                0x20002c00                . = ALIGN (0x4)
                0x20003000                _vStackTop = (. + _StackSize)
                0x00000000                _image_start = LOADADDR (.text)
                0x000084e0                _image_end = (LOADADDR (.data) + SIZEOF (.data))
                0x000084e0                _image_size = (_image_end - _image_start)
OUTPUT(PES_Final_Project_V1.0.axf elf32-littlearm)
LOAD linker stubs

.debug_info     0x00000000     0xad03
 .debug_info    0x00000000      0xe72 ./utilities/fsl_debug_console.o
 .debug_info    0x00000e72      0x4df ./startup/startup_mkl25z4.o
 .debug_info    0x00001351      0x473 ./source/Buzzer_Timer.o
 .debug_info    0x000017c4      0x5b7 ./source/CBFIFO.o
 .debug_info    0x00001d7b      0x448 ./source/Indication_Led.o
 .debug_info    0x000021c3      0x2e3 ./source/LFSR_Random.o
 .debug_info    0x000024a6      0xc7c ./source/Locker_Keypad.o
 .debug_info    0x00003122      0x4d4 ./source/MMA8451Q_I2C.o
 .debug_info    0x000035f6      0x696 ./source/MMA84541Q.o
 .debug_info    0x00003c8c      0x309 ./source/Password_Process.o
 .debug_info    0x00003f95      0x2aa ./source/System.o
 .debug_info    0x0000423f      0x32b ./source/Test_LFSR.o
 .debug_info    0x0000456a      0x32b ./source/Test_Password_Generation.o
 .debug_info    0x00004895      0x951 ./source/UART.o
 .debug_info    0x000051e6      0x2cc ./source/User_Input.o
 .debug_info    0x000054b2      0x568 ./source/main_fsm.o
 .debug_info    0x00005a1a       0x53 ./source/mtb.o
 .debug_info    0x00005a6d       0x3c ./source/semihost_hardfault.o
 .debug_info    0x00005aa9      0x1e4 ./source/sysclock.o
 .debug_info    0x00005c8d      0x624 ./source/systick.o
 .debug_info    0x000062b1     0x1962 ./source/test_cbfifo.o
 .debug_info    0x00007c13      0x444 ./drivers/fsl_common.o
 .debug_info    0x00008057     0x1469 ./drivers/fsl_lpsci.o
 .debug_info    0x000094c0     0x140a ./drivers/fsl_uart.o
 .debug_info    0x0000a8ca      0x439 ./CMSIS/system_MKL25Z4.o

.debug_abbrev   0x00000000     0x28b6
 .debug_abbrev  0x00000000      0x2d7 ./utilities/fsl_debug_console.o
 .debug_abbrev  0x000002d7      0x18d ./startup/startup_mkl25z4.o
 .debug_abbrev  0x00000464      0x145 ./source/Buzzer_Timer.o
 .debug_abbrev  0x000005a9      0x206 ./source/CBFIFO.o
 .debug_abbrev  0x000007af      0x161 ./source/Indication_Led.o
 .debug_abbrev  0x00000910      0x138 ./source/LFSR_Random.o
 .debug_abbrev  0x00000a48      0x2f8 ./source/Locker_Keypad.o
 .debug_abbrev  0x00000d40      0x198 ./source/MMA8451Q_I2C.o
 .debug_abbrev  0x00000ed8      0x1ad ./source/MMA84541Q.o
 .debug_abbrev  0x00001085      0x13b ./source/Password_Process.o
 .debug_abbrev  0x000011c0      0x10c ./source/System.o
 .debug_abbrev  0x000012cc      0x11b ./source/Test_LFSR.o
 .debug_abbrev  0x000013e7      0x11b ./source/Test_Password_Generation.o
 .debug_abbrev  0x00001502      0x262 ./source/UART.o
 .debug_abbrev  0x00001764       0xf0 ./source/User_Input.o
 .debug_abbrev  0x00001854      0x147 ./source/main_fsm.o
 .debug_abbrev  0x0000199b       0x46 ./source/mtb.o
 .debug_abbrev  0x000019e1       0x31 ./source/semihost_hardfault.o
 .debug_abbrev  0x00001a12       0xef ./source/sysclock.o
 .debug_abbrev  0x00001b01      0x24b ./source/systick.o
 .debug_abbrev  0x00001d4c      0x173 ./source/test_cbfifo.o
 .debug_abbrev  0x00001ebf      0x275 ./drivers/fsl_common.o
 .debug_abbrev  0x00002134      0x309 ./drivers/fsl_lpsci.o
 .debug_abbrev  0x0000243d      0x323 ./drivers/fsl_uart.o
 .debug_abbrev  0x00002760      0x156 ./CMSIS/system_MKL25Z4.o

.debug_aranges  0x00000000      0x858
 .debug_aranges
                0x00000000       0x90 ./utilities/fsl_debug_console.o
 .debug_aranges
                0x00000090      0x160 ./startup/startup_mkl25z4.o
 .debug_aranges
                0x000001f0       0x28 ./source/Buzzer_Timer.o
 .debug_aranges
                0x00000218       0x48 ./source/CBFIFO.o
 .debug_aranges
                0x00000260       0x30 ./source/Indication_Led.o
 .debug_aranges
                0x00000290       0x30 ./source/LFSR_Random.o
 .debug_aranges
                0x000002c0       0x48 ./source/Locker_Keypad.o
 .debug_aranges
                0x00000308       0x30 ./source/MMA8451Q_I2C.o
 .debug_aranges
                0x00000338       0x40 ./source/MMA84541Q.o
 .debug_aranges
                0x00000378       0x30 ./source/Password_Process.o
 .debug_aranges
                0x000003a8       0x50 ./source/System.o
 .debug_aranges
                0x000003f8       0x28 ./source/Test_LFSR.o
 .debug_aranges
                0x00000420       0x28 ./source/Test_Password_Generation.o
 .debug_aranges
                0x00000448       0x48 ./source/UART.o
 .debug_aranges
                0x00000490       0x28 ./source/User_Input.o
 .debug_aranges
                0x000004b8       0x20 ./source/main_fsm.o
 .debug_aranges
                0x000004d8       0x18 ./source/mtb.o
 .debug_aranges
                0x000004f0       0x20 ./source/semihost_hardfault.o
 .debug_aranges
                0x00000510       0x20 ./source/sysclock.o
 .debug_aranges
                0x00000530       0x58 ./source/systick.o
 .debug_aranges
                0x00000588       0x28 ./source/test_cbfifo.o
 .debug_aranges
                0x000005b0       0x38 ./drivers/fsl_common.o
 .debug_aranges
                0x000005e8      0x118 ./drivers/fsl_lpsci.o
 .debug_aranges
                0x00000700      0x130 ./drivers/fsl_uart.o
 .debug_aranges
                0x00000830       0x28 ./CMSIS/system_MKL25Z4.o

.debug_ranges   0x00000000      0x708
 .debug_ranges  0x00000000       0x80 ./utilities/fsl_debug_console.o
 .debug_ranges  0x00000080      0x150 ./startup/startup_mkl25z4.o
 .debug_ranges  0x000001d0       0x18 ./source/Buzzer_Timer.o
 .debug_ranges  0x000001e8       0x38 ./source/CBFIFO.o
 .debug_ranges  0x00000220       0x20 ./source/Indication_Led.o
 .debug_ranges  0x00000240       0x20 ./source/LFSR_Random.o
 .debug_ranges  0x00000260       0x50 ./source/Locker_Keypad.o
 .debug_ranges  0x000002b0       0x20 ./source/MMA8451Q_I2C.o
 .debug_ranges  0x000002d0       0x30 ./source/MMA84541Q.o
 .debug_ranges  0x00000300       0x20 ./source/Password_Process.o
 .debug_ranges  0x00000320       0x40 ./source/System.o
 .debug_ranges  0x00000360       0x18 ./source/Test_LFSR.o
 .debug_ranges  0x00000378       0x18 ./source/Test_Password_Generation.o
 .debug_ranges  0x00000390       0x50 ./source/UART.o
 .debug_ranges  0x000003e0       0x18 ./source/User_Input.o
 .debug_ranges  0x000003f8       0x10 ./source/main_fsm.o
 .debug_ranges  0x00000408       0x10 ./source/semihost_hardfault.o
 .debug_ranges  0x00000418       0x10 ./source/sysclock.o
 .debug_ranges  0x00000428       0x48 ./source/systick.o
 .debug_ranges  0x00000470       0x30 ./source/test_cbfifo.o
 .debug_ranges  0x000004a0       0x28 ./drivers/fsl_common.o
 .debug_ranges  0x000004c8      0x108 ./drivers/fsl_lpsci.o
 .debug_ranges  0x000005d0      0x120 ./drivers/fsl_uart.o
 .debug_ranges  0x000006f0       0x18 ./CMSIS/system_MKL25Z4.o

.debug_macro    0x00000000     0x94b2
 .debug_macro   0x00000000      0x127 ./utilities/fsl_debug_console.o
 .debug_macro   0x00000127      0xab4 ./utilities/fsl_debug_console.o
 .debug_macro   0x00000bdb       0x10 ./utilities/fsl_debug_console.o
 .debug_macro   0x00000beb       0x16 ./utilities/fsl_debug_console.o
 .debug_macro   0x00000c01       0x10 ./utilities/fsl_debug_console.o
 .debug_macro   0x00000c11      0x12e ./utilities/fsl_debug_console.o
 .debug_macro   0x00000d3f       0x28 ./utilities/fsl_debug_console.o
 .debug_macro   0x00000d67       0xc4 ./utilities/fsl_debug_console.o
 .debug_macro   0x00000e2b       0x16 ./utilities/fsl_debug_console.o
 .debug_macro   0x00000e41       0x22 ./utilities/fsl_debug_console.o
 .debug_macro   0x00000e63      0x5b3 ./utilities/fsl_debug_console.o
 .debug_macro   0x00001416       0x10 ./utilities/fsl_debug_console.o
 .debug_macro   0x00001426       0x3f ./utilities/fsl_debug_console.o
 .debug_macro   0x00001465       0x3a ./utilities/fsl_debug_console.o
 .debug_macro   0x0000149f       0x26 ./utilities/fsl_debug_console.o
 .debug_macro   0x000014c5      0x329 ./utilities/fsl_debug_console.o
 .debug_macro   0x000017ee       0x30 ./utilities/fsl_debug_console.o
 .debug_macro   0x0000181e     0x51e2 ./utilities/fsl_debug_console.o
 .debug_macro   0x00006a00     0x1352 ./utilities/fsl_debug_console.o
 .debug_macro   0x00007d52       0x3a ./utilities/fsl_debug_console.o
 .debug_macro   0x00007d8c       0xf4 ./utilities/fsl_debug_console.o
 .debug_macro   0x00007e80       0x35 ./utilities/fsl_debug_console.o
 .debug_macro   0x00007eb5       0x2e ./utilities/fsl_debug_console.o
 .debug_macro   0x00007ee3       0x10 ./utilities/fsl_debug_console.o
 .debug_macro   0x00007ef3       0x10 ./utilities/fsl_debug_console.o
 .debug_macro   0x00007f03       0x29 ./startup/startup_mkl25z4.o
 .debug_macro   0x00007f2c       0x92 ./source/Buzzer_Timer.o
 .debug_macro   0x00007fbe       0x34 ./source/Buzzer_Timer.o
 .debug_macro   0x00007ff2       0xb8 ./source/CBFIFO.o
 .debug_macro   0x000080aa       0xd8 ./source/CBFIFO.o
 .debug_macro   0x00008182       0x22 ./source/CBFIFO.o
 .debug_macro   0x000081a4      0x146 ./source/Indication_Led.o
 .debug_macro   0x000082ea       0x59 ./source/LFSR_Random.o
 .debug_macro   0x00008343      0x1ef ./source/Locker_Keypad.o
 .debug_macro   0x00008532      0x10e ./source/Locker_Keypad.o
 .debug_macro   0x00008640       0x92 ./source/MMA8451Q_I2C.o
 .debug_macro   0x000086d2      0x100 ./source/MMA84541Q.o
 .debug_macro   0x000087d2      0x108 ./source/Password_Process.o
 .debug_macro   0x000088da      0x11b ./source/System.o
 .debug_macro   0x000089f5       0x8f ./source/Test_LFSR.o
 .debug_macro   0x00008a84       0x8f ./source/Test_Password_Generation.o
 .debug_macro   0x00008b13       0xcd ./source/UART.o
 .debug_macro   0x00008be0       0xb3 ./source/User_Input.o
 .debug_macro   0x00008c93      0x1ef ./source/main_fsm.o
 .debug_macro   0x00008e82       0x2f ./source/mtb.o
 .debug_macro   0x00008eb1       0x82 ./source/mtb.o
 .debug_macro   0x00008f33       0x10 ./source/mtb.o
 .debug_macro   0x00008f43       0x11 ./source/semihost_hardfault.o
 .debug_macro   0x00008f54       0x8c ./source/sysclock.o
 .debug_macro   0x00008fe0       0x9f ./source/systick.o
 .debug_macro   0x0000907f       0xd2 ./source/test_cbfifo.o
 .debug_macro   0x00009151       0xef ./drivers/fsl_common.o
 .debug_macro   0x00009240       0xec ./drivers/fsl_lpsci.o
 .debug_macro   0x0000932c       0xf2 ./drivers/fsl_uart.o
 .debug_macro   0x0000941e       0x94 ./CMSIS/system_MKL25Z4.o

.debug_line     0x00000000     0x79cf
 .debug_line    0x00000000      0xcae ./utilities/fsl_debug_console.o
 .debug_line    0x00000cae      0x1e7 ./startup/startup_mkl25z4.o
 .debug_line    0x00000e95      0x28b ./source/Buzzer_Timer.o
 .debug_line    0x00001120      0x4a5 ./source/CBFIFO.o
 .debug_line    0x000015c5      0x2c9 ./source/Indication_Led.o
 .debug_line    0x0000188e      0x1fb ./source/LFSR_Random.o
 .debug_line    0x00001a89      0x787 ./source/Locker_Keypad.o
 .debug_line    0x00002210      0x3db ./source/MMA8451Q_I2C.o
 .debug_line    0x000025eb      0x34e ./source/MMA84541Q.o
 .debug_line    0x00002939      0x44b ./source/Password_Process.o
 .debug_line    0x00002d84      0x43e ./source/System.o
 .debug_line    0x000031c2      0x2a1 ./source/Test_LFSR.o
 .debug_line    0x00003463      0x2f0 ./source/Test_Password_Generation.o
 .debug_line    0x00003753      0x4c3 ./source/UART.o
 .debug_line    0x00003c16      0x334 ./source/User_Input.o
 .debug_line    0x00003f4a      0x61b ./source/main_fsm.o
 .debug_line    0x00004565       0xd1 ./source/mtb.o
 .debug_line    0x00004636       0x59 ./source/semihost_hardfault.o
 .debug_line    0x0000468f      0x2b1 ./source/sysclock.o
 .debug_line    0x00004940      0x3a8 ./source/systick.o
 .debug_line    0x00004ce8      0xa4e ./source/test_cbfifo.o
 .debug_line    0x00005736      0x46b ./drivers/fsl_common.o
 .debug_line    0x00005ba1      0xd86 ./drivers/fsl_lpsci.o
 .debug_line    0x00006927      0xd75 ./drivers/fsl_uart.o
 .debug_line    0x0000769c      0x333 ./CMSIS/system_MKL25Z4.o

.debug_str      0x00000000    0x35bee
 .debug_str     0x00000000    0x314e3 ./utilities/fsl_debug_console.o
                              0x31787 (size before relaxing)
 .debug_str     0x000314e3      0x403 ./startup/startup_mkl25z4.o
                               0x31da (size before relaxing)
 .debug_str     0x000318e6      0x16a ./source/Buzzer_Timer.o
                              0x28ea8 (size before relaxing)
 .debug_str     0x00031a50      0x438 ./source/CBFIFO.o
                              0x2924f (size before relaxing)
 .debug_str     0x00031e88      0x50a ./source/Indication_Led.o
                              0x29351 (size before relaxing)
 .debug_str     0x00032392       0x97 ./source/LFSR_Random.o
                               0x48b9 (size before relaxing)
 .debug_str     0x00032429     0x15f5 ./source/Locker_Keypad.o
                              0x325f6 (size before relaxing)
 .debug_str     0x00033a1e       0x79 ./source/MMA8451Q_I2C.o
                              0x28eb9 (size before relaxing)
 .debug_str     0x00033a97      0x14d ./source/MMA84541Q.o
                              0x29230 (size before relaxing)
 .debug_str     0x00033be4       0x96 ./source/Password_Process.o
                              0x309d3 (size before relaxing)
 .debug_str     0x00033c7a       0x7e ./source/System.o
                              0x30a21 (size before relaxing)
 .debug_str     0x00033cf8       0x62 ./source/Test_LFSR.o
                               0x5b33 (size before relaxing)
 .debug_str     0x00033d5a       0x41 ./source/Test_Password_Generation.o
                               0x5b44 (size before relaxing)
 .debug_str     0x00033d9b       0xbc ./source/UART.o
                              0x294ef (size before relaxing)
 .debug_str     0x00033e57       0x4b ./source/User_Input.o
                              0x29124 (size before relaxing)
 .debug_str     0x00033ea2       0xb6 ./source/main_fsm.o
                              0x3226b (size before relaxing)
 .debug_str     0x00033f58      0x532 ./source/mtb.o
                               0x32e6 (size before relaxing)
 .debug_str     0x0003448a       0x1f ./source/semihost_hardfault.o
                               0x2dd3 (size before relaxing)
 .debug_str     0x000344a9       0x38 ./source/sysclock.o
                              0x28d99 (size before relaxing)
 .debug_str     0x000344e1       0x97 ./source/systick.o
                              0x293e5 (size before relaxing)
 .debug_str     0x00034578      0x216 ./source/test_cbfifo.o
                              0x293b4 (size before relaxing)
 .debug_str     0x0003478e       0xe1 ./drivers/fsl_common.o
                              0x308c8 (size before relaxing)
 .debug_str     0x0003486f      0xafe ./drivers/fsl_lpsci.o
                              0x318e9 (size before relaxing)
 .debug_str     0x0003536d      0x832 ./drivers/fsl_uart.o
                              0x3190c (size before relaxing)
 .debug_str     0x00035b9f       0x4f ./CMSIS/system_MKL25Z4.o
                              0x2fc4b (size before relaxing)

.comment        0x00000000       0x4c
 .comment       0x00000000       0x4c ./utilities/fsl_debug_console.o
                                 0x4d (size before relaxing)
 .comment       0x0000004c       0x4d ./startup/startup_mkl25z4.o
 .comment       0x0000004c       0x4d ./source/Buzzer_Timer.o
 .comment       0x0000004c       0x4d ./source/CBFIFO.o
 .comment       0x0000004c       0x4d ./source/Indication_Led.o
 .comment       0x0000004c       0x4d ./source/LFSR_Random.o
 .comment       0x0000004c       0x4d ./source/Locker_Keypad.o
 .comment       0x0000004c       0x4d ./source/MMA8451Q_I2C.o
 .comment       0x0000004c       0x4d ./source/MMA84541Q.o
 .comment       0x0000004c       0x4d ./source/Password_Process.o
 .comment       0x0000004c       0x4d ./source/System.o
 .comment       0x0000004c       0x4d ./source/Test_LFSR.o
 .comment       0x0000004c       0x4d ./source/Test_Password_Generation.o
 .comment       0x0000004c       0x4d ./source/UART.o
 .comment       0x0000004c       0x4d ./source/User_Input.o
 .comment       0x0000004c       0x4d ./source/main_fsm.o
 .comment       0x0000004c       0x4d ./source/mtb.o
 .comment       0x0000004c       0x4d ./source/semihost_hardfault.o
 .comment       0x0000004c       0x4d ./source/sysclock.o
 .comment       0x0000004c       0x4d ./source/systick.o
 .comment       0x0000004c       0x4d ./source/test_cbfifo.o
 .comment       0x0000004c       0x4d ./drivers/fsl_common.o
 .comment       0x0000004c       0x4d ./drivers/fsl_lpsci.o
 .comment       0x0000004c       0x4d ./drivers/fsl_uart.o
 .comment       0x0000004c       0x4d ./CMSIS/system_MKL25Z4.o
 .comment       0x0000004c       0x4d c:/nxp/mcuxpressoide_11.3.0_5222/ide/plugins/com.nxp.mcuxpresso.tools.win32_11.3.0.202008311133/tools/bin/../lib/gcc/arm-none-eabi/9.3.1/../../../../arm-none-eabi/lib/thumb/v6-m/nofp\libcr_nohost_nf.a(__ciob.o)
 .comment       0x0000004c       0x4d c:/nxp/mcuxpressoide_11.3.0_5222/ide/plugins/com.nxp.mcuxpresso.tools.win32_11.3.0.202008311133/tools/bin/../lib/gcc/arm-none-eabi/9.3.1/../../../../arm-none-eabi/lib/thumb/v6-m/nofp\libcr_nohost_nf.a(_cr__main.o)
 .comment       0x0000004c       0x4d c:/nxp/mcuxpressoide_11.3.0_5222/ide/plugins/com.nxp.mcuxpresso.tools.win32_11.3.0.202008311133/tools/bin/../lib/gcc/arm-none-eabi/9.3.1/../../../../arm-none-eabi/lib/thumb/v6-m/nofp\libcr_c.a(memset.o)
 .comment       0x0000004c       0x4d c:/nxp/mcuxpressoide_11.3.0_5222/ide/plugins/com.nxp.mcuxpresso.tools.win32_11.3.0.202008311133/tools/bin/../lib/gcc/arm-none-eabi/9.3.1/../../../../arm-none-eabi/lib/thumb/v6-m/nofp\libcr_c.a(__fillbuf.o)
 .comment       0x0000004c       0x4d c:/nxp/mcuxpressoide_11.3.0_5222/ide/plugins/com.nxp.mcuxpresso.tools.win32_11.3.0.202008311133/tools/bin/../lib/gcc/arm-none-eabi/9.3.1/../../../../arm-none-eabi/lib/thumb/v6-m/nofp\libcr_c.a(_deferredlazyseek.o)
 .comment       0x0000004c       0x4d c:/nxp/mcuxpressoide_11.3.0_5222/ide/plugins/com.nxp.mcuxpresso.tools.win32_11.3.0.202008311133/tools/bin/../lib/gcc/arm-none-eabi/9.3.1/../../../../arm-none-eabi/lib/thumb/v6-m/nofp\libcr_c.a(_fflush.o)
 .comment       0x0000004c       0x4d c:/nxp/mcuxpressoide_11.3.0_5222/ide/plugins/com.nxp.mcuxpresso.tools.win32_11.3.0.202008311133/tools/bin/../lib/gcc/arm-none-eabi/9.3.1/../../../../arm-none-eabi/lib/thumb/v6-m/nofp\libcr_c.a(_writebuf.o)
 .comment       0x0000004c       0x4d c:/nxp/mcuxpressoide_11.3.0_5222/ide/plugins/com.nxp.mcuxpresso.tools.win32_11.3.0.202008311133/tools/bin/../lib/gcc/arm-none-eabi/9.3.1/../../../../arm-none-eabi/lib/thumb/v6-m/nofp\libcr_c.a(alloc.o)
 .comment       0x0000004c       0x4d c:/nxp/mcuxpressoide_11.3.0_5222/ide/plugins/com.nxp.mcuxpresso.tools.win32_11.3.0.202008311133/tools/bin/../lib/gcc/arm-none-eabi/9.3.1/../../../../arm-none-eabi/lib/thumb/v6-m/nofp\libcr_c.a(fseek.o)
 .comment       0x0000004c       0x4d c:/nxp/mcuxpressoide_11.3.0_5222/ide/plugins/com.nxp.mcuxpresso.tools.win32_11.3.0.202008311133/tools/bin/../lib/gcc/arm-none-eabi/9.3.1/../../../../arm-none-eabi/lib/thumb/v6-m/nofp\libcr_c.a(ftell.o)
 .comment       0x0000004c       0x4d c:/nxp/mcuxpressoide_11.3.0_5222/ide/plugins/com.nxp.mcuxpresso.tools.win32_11.3.0.202008311133/tools/bin/../lib/gcc/arm-none-eabi/9.3.1/../../../../arm-none-eabi/lib/thumb/v6-m/nofp\libcr_c.a(initio.o)
 .comment       0x0000004c       0x4d c:/nxp/mcuxpressoide_11.3.0_5222/ide/plugins/com.nxp.mcuxpresso.tools.win32_11.3.0.202008311133/tools/bin/../lib/gcc/arm-none-eabi/9.3.1/../../../../arm-none-eabi/lib/thumb/v6-m/nofp\libcr_c.a(printf.o)
 .comment       0x0000004c       0x4d c:/nxp/mcuxpressoide_11.3.0_5222/ide/plugins/com.nxp.mcuxpresso.tools.win32_11.3.0.202008311133/tools/bin/../lib/gcc/arm-none-eabi/9.3.1/../../../../arm-none-eabi/lib/thumb/v6-m/nofp\libcr_c.a(setvbuf.o)
 .comment       0x0000004c       0x4d c:/nxp/mcuxpressoide_11.3.0_5222/ide/plugins/com.nxp.mcuxpresso.tools.win32_11.3.0.202008311133/tools/bin/../lib/gcc/arm-none-eabi/9.3.1/../../../../arm-none-eabi/lib/thumb/v6-m/nofp\libcr_c.a(stdlib.o)
 .comment       0x0000004c       0x4d c:/nxp/mcuxpressoide_11.3.0_5222/ide/plugins/com.nxp.mcuxpresso.tools.win32_11.3.0.202008311133/tools/bin/../lib/gcc/arm-none-eabi/9.3.1/../../../../arm-none-eabi/lib/thumb/v6-m/nofp\libcr_c.a(strlen.o)
 .comment       0x0000004c       0x4d c:/nxp/mcuxpressoide_11.3.0_5222/ide/plugins/com.nxp.mcuxpresso.tools.win32_11.3.0.202008311133/tools/bin/../lib/gcc/arm-none-eabi/9.3.1/../../../../arm-none-eabi/lib/thumb/v6-m/nofp\libcr_c.a(strncmp.o)
 .comment       0x0000004c       0x4d c:/nxp/mcuxpressoide_11.3.0_5222/ide/plugins/com.nxp.mcuxpresso.tools.win32_11.3.0.202008311133/tools/bin/../lib/gcc/arm-none-eabi/9.3.1/../../../../arm-none-eabi/lib/thumb/v6-m/nofp\libcr_c.a(__init_alloc.o)
 .comment       0x0000004c       0x4d c:/nxp/mcuxpressoide_11.3.0_5222/ide/plugins/com.nxp.mcuxpresso.tools.win32_11.3.0.202008311133/tools/bin/../lib/gcc/arm-none-eabi/9.3.1/../../../../arm-none-eabi/lib/thumb/v6-m/nofp\libcr_c.a(_cr_sbrk.o)
 .comment       0x0000004c       0x4d c:/nxp/mcuxpressoide_11.3.0_5222/ide/plugins/com.nxp.mcuxpresso.tools.win32_11.3.0.202008311133/tools/bin/../lib/gcc/arm-none-eabi/9.3.1/../../../../arm-none-eabi/lib/thumb/v6-m/nofp\libcr_c.a(_fdopen.o)
 .comment       0x0000004c       0x4d c:/nxp/mcuxpressoide_11.3.0_5222/ide/plugins/com.nxp.mcuxpresso.tools.win32_11.3.0.202008311133/tools/bin/../lib/gcc/arm-none-eabi/9.3.1/../../../../arm-none-eabi/lib/thumb/v6-m/nofp\libcr_c.a(errno.o)
 .comment       0x0000004c       0x4d c:/nxp/mcuxpressoide_11.3.0_5222/ide/plugins/com.nxp.mcuxpresso.tools.win32_11.3.0.202008311133/tools/bin/../lib/gcc/arm-none-eabi/9.3.1/../../../../arm-none-eabi/lib/thumb/v6-m/nofp\libcr_c.a(fclose.o)
 .comment       0x0000004c       0x4d c:/nxp/mcuxpressoide_11.3.0_5222/ide/plugins/com.nxp.mcuxpresso.tools.win32_11.3.0.202008311133/tools/bin/../lib/gcc/arm-none-eabi/9.3.1/../../../../arm-none-eabi/lib/thumb/v6-m/nofp\libcr_c.a(fflush.o)
 .comment       0x0000004c       0x4d c:/nxp/mcuxpressoide_11.3.0_5222/ide/plugins/com.nxp.mcuxpresso.tools.win32_11.3.0.202008311133/tools/bin/../lib/gcc/arm-none-eabi/9.3.1/../../../../arm-none-eabi/lib/thumb/v6-m/nofp\libcr_c.a(remove.o)
 .comment       0x0000004c       0x4d c:/nxp/mcuxpressoide_11.3.0_5222/ide/plugins/com.nxp.mcuxpresso.tools.win32_11.3.0.202008311133/tools/bin/../lib/gcc/arm-none-eabi/9.3.1/../../../../arm-none-eabi/lib/thumb/v6-m/nofp\libcr_c.a(_cr_check_heap.o)
 .comment       0x0000004c       0x4d c:/nxp/mcuxpressoide_11.3.0_5222/ide/plugins/com.nxp.mcuxpresso.tools.win32_11.3.0.202008311133/tools/bin/../lib/gcc/arm-none-eabi/9.3.1/../../../../arm-none-eabi/lib/thumb/v6-m/nofp\libcr_c.a(_do_fflush.o)
 .comment       0x0000004c       0x4d c:/nxp/mcuxpressoide_11.3.0_5222/ide/plugins/com.nxp.mcuxpresso.tools.win32_11.3.0.202008311133/tools/bin/../lib/gcc/arm-none-eabi/9.3.1/thumb/v6-m/nofp\libcr_eabihelpers.a(double.o)
 .comment       0x0000004c       0x4d c:/nxp/mcuxpressoide_11.3.0_5222/ide/plugins/com.nxp.mcuxpresso.tools.win32_11.3.0.202008311133/tools/bin/../lib/gcc/arm-none-eabi/9.3.1/../../../../arm-none-eabi/lib/thumb/v6-m/nofp\libcr_nohost_nf.a(__sys_appexit.o)
 .comment       0x0000004c       0x4d c:/nxp/mcuxpressoide_11.3.0_5222/ide/plugins/com.nxp.mcuxpresso.tools.win32_11.3.0.202008311133/tools/bin/../lib/gcc/arm-none-eabi/9.3.1/../../../../arm-none-eabi/lib/thumb/v6-m/nofp\libcr_nohost_nf.a(__sys_close.o)
 .comment       0x0000004c       0x4d c:/nxp/mcuxpressoide_11.3.0_5222/ide/plugins/com.nxp.mcuxpresso.tools.win32_11.3.0.202008311133/tools/bin/../lib/gcc/arm-none-eabi/9.3.1/../../../../arm-none-eabi/lib/thumb/v6-m/nofp\libcr_nohost_nf.a(__sys_flen.o)
 .comment       0x0000004c       0x4d c:/nxp/mcuxpressoide_11.3.0_5222/ide/plugins/com.nxp.mcuxpresso.tools.win32_11.3.0.202008311133/tools/bin/../lib/gcc/arm-none-eabi/9.3.1/../../../../arm-none-eabi/lib/thumb/v6-m/nofp\libcr_nohost_nf.a(__sys_istty.o)
 .comment       0x0000004c       0x4d c:/nxp/mcuxpressoide_11.3.0_5222/ide/plugins/com.nxp.mcuxpresso.tools.win32_11.3.0.202008311133/tools/bin/../lib/gcc/arm-none-eabi/9.3.1/../../../../arm-none-eabi/lib/thumb/v6-m/nofp\libcr_nohost_nf.a(__sys_read.o)
 .comment       0x0000004c       0x4d c:/nxp/mcuxpressoide_11.3.0_5222/ide/plugins/com.nxp.mcuxpresso.tools.win32_11.3.0.202008311133/tools/bin/../lib/gcc/arm-none-eabi/9.3.1/../../../../arm-none-eabi/lib/thumb/v6-m/nofp\libcr_nohost_nf.a(__sys_remove.o)
 .comment       0x0000004c       0x4d c:/nxp/mcuxpressoide_11.3.0_5222/ide/plugins/com.nxp.mcuxpresso.tools.win32_11.3.0.202008311133/tools/bin/../lib/gcc/arm-none-eabi/9.3.1/../../../../arm-none-eabi/lib/thumb/v6-m/nofp\libcr_nohost_nf.a(__sys_seek.o)
 .comment       0x0000004c       0x4d c:/nxp/mcuxpressoide_11.3.0_5222/ide/plugins/com.nxp.mcuxpresso.tools.win32_11.3.0.202008311133/tools/bin/../lib/gcc/arm-none-eabi/9.3.1/../../../../arm-none-eabi/lib/thumb/v6-m/nofp\libcr_nohost_nf.a(__sys_tmpnam.o)

.ARM.attributes
                0x00000000       0x2a
 .ARM.attributes
                0x00000000       0x2c ./utilities/fsl_debug_console.o
 .ARM.attributes
                0x0000002c       0x2c ./startup/startup_mkl25z4.o
 .ARM.attributes
                0x00000058       0x2c ./source/Buzzer_Timer.o
 .ARM.attributes
                0x00000084       0x2c ./source/CBFIFO.o
 .ARM.attributes
                0x000000b0       0x2c ./source/Indication_Led.o
 .ARM.attributes
                0x000000dc       0x2c ./source/LFSR_Random.o
 .ARM.attributes
                0x00000108       0x2c ./source/Locker_Keypad.o
 .ARM.attributes
                0x00000134       0x2c ./source/MMA8451Q_I2C.o
 .ARM.attributes
                0x00000160       0x2c ./source/MMA84541Q.o
 .ARM.attributes
                0x0000018c       0x2c ./source/Password_Process.o
 .ARM.attributes
                0x000001b8       0x2c ./source/System.o
 .ARM.attributes
                0x000001e4       0x2c ./source/Test_LFSR.o
 .ARM.attributes
                0x00000210       0x2c ./source/Test_Password_Generation.o
 .ARM.attributes
                0x0000023c       0x2c ./source/UART.o
 .ARM.attributes
                0x00000268       0x2c ./source/User_Input.o
 .ARM.attributes
                0x00000294       0x2c ./source/main_fsm.o
 .ARM.attributes
                0x000002c0       0x32 ./source/mtb.o
 .ARM.attributes
                0x000002f2       0x2c ./source/semihost_hardfault.o
 .ARM.attributes
                0x0000031e       0x2c ./source/sysclock.o
 .ARM.attributes
                0x0000034a       0x2c ./source/systick.o
 .ARM.attributes
                0x00000376       0x2c ./source/test_cbfifo.o
 .ARM.attributes
                0x000003a2       0x2c ./drivers/fsl_common.o
 .ARM.attributes
                0x000003ce       0x2c ./drivers/fsl_lpsci.o
 .ARM.attributes
                0x000003fa       0x2c ./drivers/fsl_uart.o
 .ARM.attributes
                0x00000426       0x2c ./CMSIS/system_MKL25Z4.o
 .ARM.attributes
                0x00000452       0x31 c:/nxp/mcuxpressoide_11.3.0_5222/ide/plugins/com.nxp.mcuxpresso.tools.win32_11.3.0.202008311133/tools/bin/../lib/gcc/arm-none-eabi/9.3.1/../../../../arm-none-eabi/lib/thumb/v6-m/nofp\libcr_nohost_nf.a(__ciob.o)
 .ARM.attributes
                0x00000483       0x2c c:/nxp/mcuxpressoide_11.3.0_5222/ide/plugins/com.nxp.mcuxpresso.tools.win32_11.3.0.202008311133/tools/bin/../lib/gcc/arm-none-eabi/9.3.1/../../../../arm-none-eabi/lib/thumb/v6-m/nofp\libcr_nohost_nf.a(_cr__main.o)
 .ARM.attributes
                0x000004af       0x2c c:/nxp/mcuxpressoide_11.3.0_5222/ide/plugins/com.nxp.mcuxpresso.tools.win32_11.3.0.202008311133/tools/bin/../lib/gcc/arm-none-eabi/9.3.1/../../../../arm-none-eabi/lib/thumb/v6-m/nofp\libcr_c.a(memset.o)
 .ARM.attributes
                0x000004db       0x2c c:/nxp/mcuxpressoide_11.3.0_5222/ide/plugins/com.nxp.mcuxpresso.tools.win32_11.3.0.202008311133/tools/bin/../lib/gcc/arm-none-eabi/9.3.1/../../../../arm-none-eabi/lib/thumb/v6-m/nofp\libcr_c.a(__fillbuf.o)
 .ARM.attributes
                0x00000507       0x2c c:/nxp/mcuxpressoide_11.3.0_5222/ide/plugins/com.nxp.mcuxpresso.tools.win32_11.3.0.202008311133/tools/bin/../lib/gcc/arm-none-eabi/9.3.1/../../../../arm-none-eabi/lib/thumb/v6-m/nofp\libcr_c.a(_deferredlazyseek.o)
 .ARM.attributes
                0x00000533       0x2c c:/nxp/mcuxpressoide_11.3.0_5222/ide/plugins/com.nxp.mcuxpresso.tools.win32_11.3.0.202008311133/tools/bin/../lib/gcc/arm-none-eabi/9.3.1/../../../../arm-none-eabi/lib/thumb/v6-m/nofp\libcr_c.a(_fflush.o)
 .ARM.attributes
                0x0000055f       0x2c c:/nxp/mcuxpressoide_11.3.0_5222/ide/plugins/com.nxp.mcuxpresso.tools.win32_11.3.0.202008311133/tools/bin/../lib/gcc/arm-none-eabi/9.3.1/../../../../arm-none-eabi/lib/thumb/v6-m/nofp\libcr_c.a(_writebuf.o)
 .ARM.attributes
                0x0000058b       0x2c c:/nxp/mcuxpressoide_11.3.0_5222/ide/plugins/com.nxp.mcuxpresso.tools.win32_11.3.0.202008311133/tools/bin/../lib/gcc/arm-none-eabi/9.3.1/../../../../arm-none-eabi/lib/thumb/v6-m/nofp\libcr_c.a(alloc.o)
 .ARM.attributes
                0x000005b7       0x2c c:/nxp/mcuxpressoide_11.3.0_5222/ide/plugins/com.nxp.mcuxpresso.tools.win32_11.3.0.202008311133/tools/bin/../lib/gcc/arm-none-eabi/9.3.1/../../../../arm-none-eabi/lib/thumb/v6-m/nofp\libcr_c.a(fseek.o)
 .ARM.attributes
                0x000005e3       0x2c c:/nxp/mcuxpressoide_11.3.0_5222/ide/plugins/com.nxp.mcuxpresso.tools.win32_11.3.0.202008311133/tools/bin/../lib/gcc/arm-none-eabi/9.3.1/../../../../arm-none-eabi/lib/thumb/v6-m/nofp\libcr_c.a(ftell.o)
 .ARM.attributes
                0x0000060f       0x2c c:/nxp/mcuxpressoide_11.3.0_5222/ide/plugins/com.nxp.mcuxpresso.tools.win32_11.3.0.202008311133/tools/bin/../lib/gcc/arm-none-eabi/9.3.1/../../../../arm-none-eabi/lib/thumb/v6-m/nofp\libcr_c.a(initio.o)
 .ARM.attributes
                0x0000063b       0x2c c:/nxp/mcuxpressoide_11.3.0_5222/ide/plugins/com.nxp.mcuxpresso.tools.win32_11.3.0.202008311133/tools/bin/../lib/gcc/arm-none-eabi/9.3.1/../../../../arm-none-eabi/lib/thumb/v6-m/nofp\libcr_c.a(printf.o)
 .ARM.attributes
                0x00000667       0x2c c:/nxp/mcuxpressoide_11.3.0_5222/ide/plugins/com.nxp.mcuxpresso.tools.win32_11.3.0.202008311133/tools/bin/../lib/gcc/arm-none-eabi/9.3.1/../../../../arm-none-eabi/lib/thumb/v6-m/nofp\libcr_c.a(setvbuf.o)
 .ARM.attributes
                0x00000693       0x2c c:/nxp/mcuxpressoide_11.3.0_5222/ide/plugins/com.nxp.mcuxpresso.tools.win32_11.3.0.202008311133/tools/bin/../lib/gcc/arm-none-eabi/9.3.1/../../../../arm-none-eabi/lib/thumb/v6-m/nofp\libcr_c.a(stdlib.o)
 .ARM.attributes
                0x000006bf       0x2c c:/nxp/mcuxpressoide_11.3.0_5222/ide/plugins/com.nxp.mcuxpresso.tools.win32_11.3.0.202008311133/tools/bin/../lib/gcc/arm-none-eabi/9.3.1/../../../../arm-none-eabi/lib/thumb/v6-m/nofp\libcr_c.a(strlen.o)
 .ARM.attributes
                0x000006eb       0x2c c:/nxp/mcuxpressoide_11.3.0_5222/ide/plugins/com.nxp.mcuxpresso.tools.win32_11.3.0.202008311133/tools/bin/../lib/gcc/arm-none-eabi/9.3.1/../../../../arm-none-eabi/lib/thumb/v6-m/nofp\libcr_c.a(strncmp.o)
 .ARM.attributes
                0x00000717       0x2c c:/nxp/mcuxpressoide_11.3.0_5222/ide/plugins/com.nxp.mcuxpresso.tools.win32_11.3.0.202008311133/tools/bin/../lib/gcc/arm-none-eabi/9.3.1/../../../../arm-none-eabi/lib/thumb/v6-m/nofp\libcr_c.a(__init_alloc.o)
 .ARM.attributes
                0x00000743       0x2c c:/nxp/mcuxpressoide_11.3.0_5222/ide/plugins/com.nxp.mcuxpresso.tools.win32_11.3.0.202008311133/tools/bin/../lib/gcc/arm-none-eabi/9.3.1/../../../../arm-none-eabi/lib/thumb/v6-m/nofp\libcr_c.a(_cr_sbrk.o)
 .ARM.attributes
                0x0000076f       0x2c c:/nxp/mcuxpressoide_11.3.0_5222/ide/plugins/com.nxp.mcuxpresso.tools.win32_11.3.0.202008311133/tools/bin/../lib/gcc/arm-none-eabi/9.3.1/../../../../arm-none-eabi/lib/thumb/v6-m/nofp\libcr_c.a(_fdopen.o)
 .ARM.attributes
                0x0000079b       0x31 c:/nxp/mcuxpressoide_11.3.0_5222/ide/plugins/com.nxp.mcuxpresso.tools.win32_11.3.0.202008311133/tools/bin/../lib/gcc/arm-none-eabi/9.3.1/../../../../arm-none-eabi/lib/thumb/v6-m/nofp\libcr_c.a(errno.o)
 .ARM.attributes
                0x000007cc       0x2c c:/nxp/mcuxpressoide_11.3.0_5222/ide/plugins/com.nxp.mcuxpresso.tools.win32_11.3.0.202008311133/tools/bin/../lib/gcc/arm-none-eabi/9.3.1/../../../../arm-none-eabi/lib/thumb/v6-m/nofp\libcr_c.a(fclose.o)
 .ARM.attributes
                0x000007f8       0x2c c:/nxp/mcuxpressoide_11.3.0_5222/ide/plugins/com.nxp.mcuxpresso.tools.win32_11.3.0.202008311133/tools/bin/../lib/gcc/arm-none-eabi/9.3.1/../../../../arm-none-eabi/lib/thumb/v6-m/nofp\libcr_c.a(fflush.o)
 .ARM.attributes
                0x00000824       0x2c c:/nxp/mcuxpressoide_11.3.0_5222/ide/plugins/com.nxp.mcuxpresso.tools.win32_11.3.0.202008311133/tools/bin/../lib/gcc/arm-none-eabi/9.3.1/../../../../arm-none-eabi/lib/thumb/v6-m/nofp\libcr_c.a(remove.o)
 .ARM.attributes
                0x00000850       0x2c c:/nxp/mcuxpressoide_11.3.0_5222/ide/plugins/com.nxp.mcuxpresso.tools.win32_11.3.0.202008311133/tools/bin/../lib/gcc/arm-none-eabi/9.3.1/../../../../arm-none-eabi/lib/thumb/v6-m/nofp\libcr_c.a(_cr_check_heap.o)
 .ARM.attributes
                0x0000087c       0x2c c:/nxp/mcuxpressoide_11.3.0_5222/ide/plugins/com.nxp.mcuxpresso.tools.win32_11.3.0.202008311133/tools/bin/../lib/gcc/arm-none-eabi/9.3.1/../../../../arm-none-eabi/lib/thumb/v6-m/nofp\libcr_c.a(_do_fflush.o)
 .ARM.attributes
                0x000008a8       0x1c c:/nxp/mcuxpressoide_11.3.0_5222/ide/plugins/com.nxp.mcuxpresso.tools.win32_11.3.0.202008311133/tools/bin/../lib/gcc/arm-none-eabi/9.3.1/thumb/v6-m/nofp\libcr_eabihelpers.a(division_32.o)
 .ARM.attributes
                0x000008c4       0x1c c:/nxp/mcuxpressoide_11.3.0_5222/ide/plugins/com.nxp.mcuxpresso.tools.win32_11.3.0.202008311133/tools/bin/../lib/gcc/arm-none-eabi/9.3.1/thumb/v6-m/nofp\libcr_eabihelpers.a(division_idiv0.o)
 .ARM.attributes
                0x000008e0       0x2c c:/nxp/mcuxpressoide_11.3.0_5222/ide/plugins/com.nxp.mcuxpresso.tools.win32_11.3.0.202008311133/tools/bin/../lib/gcc/arm-none-eabi/9.3.1/thumb/v6-m/nofp\libcr_eabihelpers.a(double.o)
 .ARM.attributes
                0x0000090c       0x1c c:/nxp/mcuxpressoide_11.3.0_5222/ide/plugins/com.nxp.mcuxpresso.tools.win32_11.3.0.202008311133/tools/bin/../lib/gcc/arm-none-eabi/9.3.1/thumb/v6-m/nofp\libcr_eabihelpers.a(llong.o)
 .ARM.attributes
                0x00000928       0x1c c:/nxp/mcuxpressoide_11.3.0_5222/ide/plugins/com.nxp.mcuxpresso.tools.win32_11.3.0.202008311133/tools/bin/../lib/gcc/arm-none-eabi/9.3.1/thumb/v6-m/nofp\libcr_eabihelpers.a(memcpy.o)
 .ARM.attributes
                0x00000944       0x1c c:/nxp/mcuxpressoide_11.3.0_5222/ide/plugins/com.nxp.mcuxpresso.tools.win32_11.3.0.202008311133/tools/bin/../lib/gcc/arm-none-eabi/9.3.1/thumb/v6-m/nofp\libcr_eabihelpers.a(thumb1_switch_helpers.o)
 .ARM.attributes
                0x00000960       0x2c c:/nxp/mcuxpressoide_11.3.0_5222/ide/plugins/com.nxp.mcuxpresso.tools.win32_11.3.0.202008311133/tools/bin/../lib/gcc/arm-none-eabi/9.3.1/../../../../arm-none-eabi/lib/thumb/v6-m/nofp\libcr_nohost_nf.a(__sys_appexit.o)
 .ARM.attributes
                0x0000098c       0x2c c:/nxp/mcuxpressoide_11.3.0_5222/ide/plugins/com.nxp.mcuxpresso.tools.win32_11.3.0.202008311133/tools/bin/../lib/gcc/arm-none-eabi/9.3.1/../../../../arm-none-eabi/lib/thumb/v6-m/nofp\libcr_nohost_nf.a(__sys_close.o)
 .ARM.attributes
                0x000009b8       0x2c c:/nxp/mcuxpressoide_11.3.0_5222/ide/plugins/com.nxp.mcuxpresso.tools.win32_11.3.0.202008311133/tools/bin/../lib/gcc/arm-none-eabi/9.3.1/../../../../arm-none-eabi/lib/thumb/v6-m/nofp\libcr_nohost_nf.a(__sys_flen.o)
 .ARM.attributes
                0x000009e4       0x2c c:/nxp/mcuxpressoide_11.3.0_5222/ide/plugins/com.nxp.mcuxpresso.tools.win32_11.3.0.202008311133/tools/bin/../lib/gcc/arm-none-eabi/9.3.1/../../../../arm-none-eabi/lib/thumb/v6-m/nofp\libcr_nohost_nf.a(__sys_istty.o)
 .ARM.attributes
                0x00000a10       0x2c c:/nxp/mcuxpressoide_11.3.0_5222/ide/plugins/com.nxp.mcuxpresso.tools.win32_11.3.0.202008311133/tools/bin/../lib/gcc/arm-none-eabi/9.3.1/../../../../arm-none-eabi/lib/thumb/v6-m/nofp\libcr_nohost_nf.a(__sys_read.o)
 .ARM.attributes
                0x00000a3c       0x2c c:/nxp/mcuxpressoide_11.3.0_5222/ide/plugins/com.nxp.mcuxpresso.tools.win32_11.3.0.202008311133/tools/bin/../lib/gcc/arm-none-eabi/9.3.1/../../../../arm-none-eabi/lib/thumb/v6-m/nofp\libcr_nohost_nf.a(__sys_remove.o)
 .ARM.attributes
                0x00000a68       0x2c c:/nxp/mcuxpressoide_11.3.0_5222/ide/plugins/com.nxp.mcuxpresso.tools.win32_11.3.0.202008311133/tools/bin/../lib/gcc/arm-none-eabi/9.3.1/../../../../arm-none-eabi/lib/thumb/v6-m/nofp\libcr_nohost_nf.a(__sys_seek.o)
 .ARM.attributes
                0x00000a94       0x2c c:/nxp/mcuxpressoide_11.3.0_5222/ide/plugins/com.nxp.mcuxpresso.tools.win32_11.3.0.202008311133/tools/bin/../lib/gcc/arm-none-eabi/9.3.1/../../../../arm-none-eabi/lib/thumb/v6-m/nofp\libcr_nohost_nf.a(__sys_tmpnam.o)

.debug_frame    0x00000000     0x17b4
 .debug_frame   0x00000000      0x1f0 ./utilities/fsl_debug_console.o
 .debug_frame   0x000001f0      0x3b0 ./startup/startup_mkl25z4.o
 .debug_frame   0x000005a0       0x4c ./source/Buzzer_Timer.o
 .debug_frame   0x000005ec       0xd0 ./source/CBFIFO.o
 .debug_frame   0x000006bc       0x6c ./source/Indication_Led.o
 .debug_frame   0x00000728       0x70 ./source/LFSR_Random.o
 .debug_frame   0x00000798       0xd0 ./source/Locker_Keypad.o
 .debug_frame   0x00000868       0x6c ./source/MMA8451Q_I2C.o
 .debug_frame   0x000008d4       0xa4 ./source/MMA84541Q.o
 .debug_frame   0x00000978       0x70 ./source/Password_Process.o
 .debug_frame   0x000009e8       0xe0 ./source/System.o
 .debug_frame   0x00000ac8       0x50 ./source/Test_LFSR.o
 .debug_frame   0x00000b18       0x50 ./source/Test_Password_Generation.o
 .debug_frame   0x00000b68       0xd0 ./source/UART.o
 .debug_frame   0x00000c38       0x50 ./source/User_Input.o
 .debug_frame   0x00000c88       0x30 ./source/main_fsm.o
 .debug_frame   0x00000cb8       0x20 ./source/semihost_hardfault.o
 .debug_frame   0x00000cd8       0x2c ./source/sysclock.o
 .debug_frame   0x00000d04       0xfc ./source/systick.o
 .debug_frame   0x00000e00       0x60 ./source/test_cbfifo.o
 .debug_frame   0x00000e60       0x90 ./drivers/fsl_common.o
 .debug_frame   0x00000ef0      0x414 ./drivers/fsl_lpsci.o
 .debug_frame   0x00001304      0x464 ./drivers/fsl_uart.o
 .debug_frame   0x00001768       0x4c ./CMSIS/system_MKL25Z4.o

Cross Reference Table

Symbol                                            File
ADC0_DriverIRQHandler                             ./startup/startup_mkl25z4.o
ADC0_IRQHandler                                   ./startup/startup_mkl25z4.o
BOARD_BootClockRUN                                ./board/clock_config.o
BOARD_BootClockVLPR                               ./board/clock_config.o
BOARD_InitBootClocks                              ./board/clock_config.o
BOARD_InitBootPeripherals                         ./board/peripherals.o
BOARD_InitBootPins                                ./board/pin_mux.o
BOARD_InitDebugConsole                            ./board/board.o
BOARD_InitPins                                    ./board/pin_mux.o
CLOCK_BootToBlpeMode                              ./drivers/fsl_clock.o
CLOCK_BootToBlpiMode                              ./drivers/fsl_clock.o
                                                  ./board/clock_config.o
CLOCK_BootToFeeMode                               ./drivers/fsl_clock.o
CLOCK_BootToFeiMode                               ./drivers/fsl_clock.o
CLOCK_BootToPeeMode                               ./drivers/fsl_clock.o
                                                  ./board/clock_config.o
CLOCK_CalcPllDiv                                  ./drivers/fsl_clock.o
CLOCK_ClearStatusFlags                            ./drivers/fsl_clock.o
CLOCK_DeinitOsc0                                  ./drivers/fsl_clock.o
CLOCK_EnablePll0                                  ./drivers/fsl_clock.o
CLOCK_EnableUsbfs0Clock                           ./drivers/fsl_clock.o
CLOCK_ExternalModeToFbeModeQuick                  ./drivers/fsl_clock.o
CLOCK_FllStableDelay                              ./drivers/fsl_clock.o
CLOCK_GetBusClkFreq                               ./drivers/fsl_clock.o
CLOCK_GetCoreSysClkFreq                           ./drivers/fsl_clock.o
CLOCK_GetEr32kClkFreq                             ./drivers/fsl_clock.o
CLOCK_GetFixedFreqClkFreq                         ./drivers/fsl_clock.o
CLOCK_GetFlashClkFreq                             ./drivers/fsl_clock.o
CLOCK_GetFllFreq                                  ./drivers/fsl_clock.o
CLOCK_GetFreq                                     ./drivers/fsl_clock.o
CLOCK_GetInternalRefClkFreq                       ./drivers/fsl_clock.o
CLOCK_GetMode                                     ./drivers/fsl_clock.o
CLOCK_GetOsc0ErClkFreq                            ./drivers/fsl_clock.o
CLOCK_GetOutClkFreq                               ./drivers/fsl_clock.o
CLOCK_GetPlatClkFreq                              ./drivers/fsl_clock.o
CLOCK_GetPll0Freq                                 ./drivers/fsl_clock.o
CLOCK_GetPllFllSelClkFreq                         ./drivers/fsl_clock.o
                                                  ./board/board.o
CLOCK_GetStatusFlags                              ./drivers/fsl_clock.o
CLOCK_InitOsc0                                    ./drivers/fsl_clock.o
                                                  ./board/clock_config.o
CLOCK_InternalModeToFbiModeQuick                  ./drivers/fsl_clock.o
CLOCK_SetBlpeMode                                 ./drivers/fsl_clock.o
CLOCK_SetBlpiMode                                 ./drivers/fsl_clock.o
CLOCK_SetExternalRefClkConfig                     ./drivers/fsl_clock.o
CLOCK_SetFbeMode                                  ./drivers/fsl_clock.o
CLOCK_SetFbiMode                                  ./drivers/fsl_clock.o
CLOCK_SetFeeMode                                  ./drivers/fsl_clock.o
CLOCK_SetFeiMode                                  ./drivers/fsl_clock.o
CLOCK_SetInternalRefClkConfig                     ./drivers/fsl_clock.o
                                                  ./board/clock_config.o
CLOCK_SetMcgConfig                                ./drivers/fsl_clock.o
CLOCK_SetOsc0MonitorMode                          ./drivers/fsl_clock.o
CLOCK_SetPbeMode                                  ./drivers/fsl_clock.o
CLOCK_SetPeeMode                                  ./drivers/fsl_clock.o
CLOCK_SetPll0MonitorMode                          ./drivers/fsl_clock.o
CLOCK_SetSimConfig                                ./drivers/fsl_clock.o
                                                  ./board/clock_config.o
CLOCK_TrimInternalRefClk                          ./drivers/fsl_clock.o
CMP0_DriverIRQHandler                             ./startup/startup_mkl25z4.o
CMP0_IRQHandler                                   ./startup/startup_mkl25z4.o
Char_Count                                        ./source/Locker_Keypad.o
                                                  ./source/main_fsm.o
Check_User_Input                                  ./source/Password_Process.o
                                                  ./source/main_fsm.o
Create_Seeds                                      ./source/Test_Password_Generation.o
Current_State                                     ./source/main_fsm.o
DAC0_DriverIRQHandler                             ./startup/startup_mkl25z4.o
DAC0_IRQHandler                                   ./startup/startup_mkl25z4.o
DMA0_DriverIRQHandler                             ./startup/startup_mkl25z4.o
DMA0_IRQHandler                                   ./startup/startup_mkl25z4.o
DMA1_DriverIRQHandler                             ./startup/startup_mkl25z4.o
DMA1_IRQHandler                                   ./startup/startup_mkl25z4.o
DMA2_DriverIRQHandler                             ./startup/startup_mkl25z4.o
DMA2_IRQHandler                                   ./startup/startup_mkl25z4.o
DMA3_DriverIRQHandler                             ./startup/startup_mkl25z4.o
DMA3_IRQHandler                                   ./startup/startup_mkl25z4.o
DbgConsole_Deinit                                 ./utilities/fsl_debug_console.o
DbgConsole_Getchar                                ./utilities/fsl_debug_console.o
DbgConsole_Init                                   ./utilities/fsl_debug_console.o
                                                  ./board/board.o
DbgConsole_Printf                                 ./utilities/fsl_debug_console.o
                                                  ./drivers/fsl_common.o
DbgConsole_Putchar                                ./utilities/fsl_debug_console.o
DbgConsole_Scanf                                  ./utilities/fsl_debug_console.o
Entered_Char                                      ./source/Locker_Keypad.o
FLASH_Erase                                       ./drivers/fsl_flash.o
FLASH_EraseAll                                    ./drivers/fsl_flash.o
FLASH_EraseAllExecuteOnlySegments                 ./drivers/fsl_flash.o
FLASH_GetProperty                                 ./drivers/fsl_flash.o
FLASH_GetSecurityState                            ./drivers/fsl_flash.o
FLASH_Init                                        ./drivers/fsl_flash.o
FLASH_IsExecuteOnly                               ./drivers/fsl_flash.o
FLASH_IsProtected                                 ./drivers/fsl_flash.o
FLASH_PflashGetPrefetchSpeculation                ./drivers/fsl_flash.o
FLASH_PflashGetProtection                         ./drivers/fsl_flash.o
FLASH_PflashSetPrefetchSpeculation                ./drivers/fsl_flash.o
                                                  ./drivers/fsl_smc.o
FLASH_PflashSetProtection                         ./drivers/fsl_flash.o
FLASH_PrepareExecuteInRamFunctions                ./drivers/fsl_flash.o
FLASH_Program                                     ./drivers/fsl_flash.o
FLASH_ProgramOnce                                 ./drivers/fsl_flash.o
FLASH_ReadOnce                                    ./drivers/fsl_flash.o
FLASH_ReadResource                                ./drivers/fsl_flash.o
FLASH_SecurityBypass                              ./drivers/fsl_flash.o
FLASH_SetCallback                                 ./drivers/fsl_flash.o
FLASH_SetProperty                                 ./drivers/fsl_flash.o